*********************************************************************
* LD Score Regression (LDSC)
* Version 3.0.1
* (C) 2014-2019 Brendan Bulik-Sullivan and Hilary Finucane
* Broad Institute of MIT and Harvard / MIT Department of Mathematics
* GNU General Public License v3
*********************************************************************
Call: 
./ldsc.py \
--out discovery_extension/logs/replication/rg/rg_replication_snoring \
--rg data/munged/snoring.sumstats.gz,discovery_extension/data/replication/munged/finngen_r13_K11_DIAHER.sumstats.gz,discovery_extension/data/replication/munged/finngen_r13_K11_CHOLELITH.sumstats.gz,discovery_extension/data/replication/munged/finngen_r13_K11_REFLUX.sumstats.gz,discovery_extension/data/replication/munged/finngen_r13_SMOKING_DEPEND.sumstats.gz,discovery_extension/data/replication/munged/finngen_r13_K11_OTHENTERCOL.sumstats.gz \
--ref-ld-chr ref/eur_w_ld_chr/ \
--w-ld-chr ref/eur_w_ld_chr/ 

Beginning analysis at Sat Aug 29 07:44:03 2026
Reading summary statistics from data/munged/snoring.sumstats.gz ...
Read summary statistics for 1179075 SNPs.
Reading reference panel LD Score from ref/eur_w_ld_chr/[1-22] ... (ldscore_fromlist)
Read reference panel LD Scores for 1290028 SNPs.
Removing partitioned LD Scores with zero variance.
Reading regression weight LD Score from ref/eur_w_ld_chr/[1-22] ... (ldscore_fromlist)
Read regression weight LD Scores for 1290028 SNPs.
After merging with reference panel LD, 1175370 SNPs remain.
After merging with regression SNP LD, 1175370 SNPs remain.
Computing rg for phenotype 2/6
Reading summary statistics from discovery_extension/data/replication/munged/finngen_r13_K11_DIAHER.sumstats.gz ...
Read summary statistics for 1156832 SNPs.
After merging with summary statistics, 1151652 SNPs remain.
1151652 SNPs with valid alleles.

Heritability of phenotype 1
---------------------------
Total Observed scale h2: 0.0652 (0.0027)
Lambda GC: 1.4281
Mean Chi^2: 1.5153
Intercept: 1.0289 (0.0096)
Ratio: 0.0561 (0.0186)

Heritability of phenotype 2/6
-----------------------------
Total Observed scale h2: 0.1603 (0.0136)
Lambda GC: 1.2506
Mean Chi^2: 1.2841
Intercept: 1.0758 (0.0098)
Ratio: 0.2667 (0.0343)

Genetic Covariance
------------------
Total Observed scale gencov: 0.0085 (0.0036)
Mean z1*z2: 0.032
Intercept: 0.0077 (0.0058)

Genetic Correlation
-------------------
Genetic Correlation: 0.0828 (0.035)
Z-score: 2.3652
P: 0.018

Computing rg for phenotype 3/6
Reading summary statistics from discovery_extension/data/replication/munged/finngen_r13_K11_CHOLELITH.sumstats.gz ...
Read summary statistics for 1156802 SNPs.
After merging with summary statistics, 1151622 SNPs remain.
1151622 SNPs with valid alleles.

Heritability of phenotype 3/6
-----------------------------
Total Observed scale h2: 0.1212 (0.0162)
Lambda GC: 1.4329
Mean Chi^2: 1.6536
Intercept: 1.2105 (0.0408)
Ratio: 0.322 (0.0625)

Genetic Covariance
------------------
Total Observed scale gencov: 0.0123 (0.002)
Mean z1*z2: 0.0642
Intercept: 0.0049 (0.0057)

Genetic Correlation
-------------------
Genetic Correlation: 0.1386 (0.024)
Z-score: 5.7655
P: 8.1427e-09

Computing rg for phenotype 4/6
Reading summary statistics from discovery_extension/data/replication/munged/finngen_r13_K11_REFLUX.sumstats.gz ...
Read summary statistics for 1156795 SNPs.
After merging with summary statistics, 1151614 SNPs remain.
1151614 SNPs with valid alleles.

Heritability of phenotype 4/6
-----------------------------
Total Observed scale h2: 0.0778 (0.0049)
Lambda GC: 1.2624
Mean Chi^2: 1.2836
Intercept: 1.0668 (0.0093)
Ratio: 0.2357 (0.0328)

Genetic Covariance
------------------
Total Observed scale gencov: 0.0094 (0.0023)
Mean z1*z2: 0.0348
Intercept: -0.0044 (0.0055)

Genetic Correlation
-------------------
Genetic Correlation: 0.1325 (0.0313)
Z-score: 4.2396
P: 2.2388e-05

Computing rg for phenotype 5/6
Reading summary statistics from discovery_extension/data/replication/munged/finngen_r13_SMOKING_DEPEND.sumstats.gz ...
Read summary statistics for 1156810 SNPs.
After merging with summary statistics, 1151628 SNPs remain.
1151628 SNPs with valid alleles.

Heritability of phenotype 5/6
-----------------------------
Total Observed scale h2: 0.2255 (0.0391)
Lambda GC: 1.0879
Mean Chi^2: 1.0898
Intercept: 1.0287 (0.0073)
Ratio: 0.3193 (0.0812)

Genetic Covariance
------------------
Total Observed scale gencov: 0.0223 (0.0069)
Mean z1*z2: 0.0271
Intercept: -0.0037 (0.0054)

Genetic Correlation
-------------------
Genetic Correlation: 0.1841 (0.0621)
Z-score: 2.9631
P: 0.003

Computing rg for phenotype 6/6
Reading summary statistics from discovery_extension/data/replication/munged/finngen_r13_K11_OTHENTERCOL.sumstats.gz ...
Read summary statistics for 1156827 SNPs.
After merging with summary statistics, 1151644 SNPs remain.
1151644 SNPs with valid alleles.

Heritability of phenotype 6/6
-----------------------------
Total Observed scale h2: 0.076 (0.0147)
Lambda GC: 1.0773
Mean Chi^2: 1.0903
Intercept: 1.0187 (0.0081)
Ratio: 0.2068 (0.0901)

Genetic Covariance
------------------
Total Observed scale gencov: 0.0007 (0.0038)
Mean z1*z2: 0.0003
Intercept: 0.0018 (0.0054)

Genetic Correlation
-------------------
Genetic Correlation: 0.0103 (0.0552)
Z-score: 0.1868
P: 0.8518


Summary of Genetic Correlation Results
                             p1                                                                                  p2     rg     se      z      p  h2_obs  h2_obs_se  h2_int  h2_int_se  gcov_int  gcov_int_se
data/munged/snoring.sumstats.gz      discovery_extension/data/replication/munged/finngen_r13_K11_DIAHER.sumstats.gz 0.0828 0.0350 2.3652 0.0180  0.1603     0.0136  1.0758     0.0098    0.0077       0.0058
data/munged/snoring.sumstats.gz   discovery_extension/data/replication/munged/finngen_r13_K11_CHOLELITH.sumstats.gz 0.1386 0.0240 5.7655 0.0000  0.1212     0.0162  1.2105     0.0408    0.0049       0.0057
data/munged/snoring.sumstats.gz      discovery_extension/data/replication/munged/finngen_r13_K11_REFLUX.sumstats.gz 0.1325 0.0313 4.2396 0.0000  0.0778     0.0049  1.0668     0.0093   -0.0044       0.0055
data/munged/snoring.sumstats.gz  discovery_extension/data/replication/munged/finngen_r13_SMOKING_DEPEND.sumstats.gz 0.1841 0.0621 2.9631 0.0030  0.2255     0.0391  1.0287     0.0073   -0.0037       0.0054
data/munged/snoring.sumstats.gz discovery_extension/data/replication/munged/finngen_r13_K11_OTHENTERCOL.sumstats.gz 0.0103 0.0552 0.1868 0.8518  0.0760     0.0147  1.0187     0.0081    0.0018       0.0054

Analysis finished at Sat Aug 29 07:44:22 2026
Total time elapsed: 19.61s
