*********************************************************************
* LD Score Regression (LDSC)
* Version 3.0.1
* (C) 2014-2019 Brendan Bulik-Sullivan and Hilary Finucane
* Broad Institute of MIT and Harvard / MIT Department of Mathematics
* GNU General Public License v3
*********************************************************************
Call: 
./ldsc.py \
--out discovery_extension/logs/replication/rg/rg_replication_napping \
--rg data/munged/napping.sumstats.gz,discovery_extension/data/replication/munged/finngen_r13_SMOKING_DEPEND.sumstats.gz,discovery_extension/data/replication/munged/finngen_r13_K11_REFLUX.sumstats.gz \
--ref-ld-chr ref/eur_w_ld_chr/ \
--w-ld-chr ref/eur_w_ld_chr/ 

Beginning analysis at Sat Aug 29 07:44:23 2026
Reading summary statistics from data/munged/napping.sumstats.gz ...
Read summary statistics for 1177711 SNPs.
Reading reference panel LD Score from ref/eur_w_ld_chr/[1-22] ... (ldscore_fromlist)
Read reference panel LD Scores for 1290028 SNPs.
Removing partitioned LD Scores with zero variance.
Reading regression weight LD Score from ref/eur_w_ld_chr/[1-22] ... (ldscore_fromlist)
Read regression weight LD Scores for 1290028 SNPs.
After merging with reference panel LD, 1173942 SNPs remain.
After merging with regression SNP LD, 1173942 SNPs remain.
Computing rg for phenotype 2/3
Reading summary statistics from discovery_extension/data/replication/munged/finngen_r13_SMOKING_DEPEND.sumstats.gz ...
Read summary statistics for 1156810 SNPs.
After merging with summary statistics, 1151832 SNPs remain.
1151832 SNPs with valid alleles.

Heritability of phenotype 1
---------------------------
Total Observed scale h2: 0.0834 (0.0035)
Lambda GC: 1.5585
Mean Chi^2: 1.7889
Intercept: 1.0386 (0.0111)
Ratio: 0.0489 (0.014)

Heritability of phenotype 2/3
-----------------------------
Total Observed scale h2: 0.2259 (0.0392)
Lambda GC: 1.0878
Mean Chi^2: 1.0898
Intercept: 1.0285 (0.0073)
Ratio: 0.3177 (0.0815)

Genetic Covariance
------------------
Total Observed scale gencov: 0.0208 (0.0073)
Mean z1*z2: 0.0329
Intercept: 0.0011 (0.0064)

Genetic Correlation
-------------------
Genetic Correlation: 0.1512 (0.0533)
Z-score: 2.8379
P: 0.0045

Computing rg for phenotype 3/3
Reading summary statistics from discovery_extension/data/replication/munged/finngen_r13_K11_REFLUX.sumstats.gz ...
Read summary statistics for 1156795 SNPs.
After merging with summary statistics, 1151818 SNPs remain.
1151818 SNPs with valid alleles.

Heritability of phenotype 3/3
-----------------------------
Total Observed scale h2: 0.0778 (0.0049)
Lambda GC: 1.2625
Mean Chi^2: 1.2836
Intercept: 1.0668 (0.0093)
Ratio: 0.2356 (0.0328)

Genetic Covariance
------------------
Total Observed scale gencov: 0.0122 (0.0022)
Mean z1*z2: 0.0517
Intercept: -0.0107 (0.006)

Genetic Correlation
-------------------
Genetic Correlation: 0.1521 (0.0277)
Z-score: 5.489
P: 4.0413e-08


Summary of Genetic Correlation Results
                             p1                                                                                 p2     rg     se      z      p  h2_obs  h2_obs_se  h2_int  h2_int_se  gcov_int  gcov_int_se
data/munged/napping.sumstats.gz discovery_extension/data/replication/munged/finngen_r13_SMOKING_DEPEND.sumstats.gz 0.1512 0.0533 2.8379 0.0045  0.2259     0.0392  1.0285     0.0073    0.0011       0.0064
data/munged/napping.sumstats.gz     discovery_extension/data/replication/munged/finngen_r13_K11_REFLUX.sumstats.gz 0.1521 0.0277 5.4890 0.0000  0.0778     0.0049  1.0668     0.0093   -0.0107       0.0060

Analysis finished at Sat Aug 29 07:44:34 2026
Total time elapsed: 11.06s
