{
  "row_counts": {
    "table_s1_gwas_metadata.tsv": 32,
    "table_s4_snp_heritability.tsv": 20,
    "table_s5_global_rg.tsv": 168,
    "table_s7_latent_factor_rg.tsv": 84,
    "table_s8_replication_audit.tsv": 13,
    "table_s15_correction_sensitivity.tsv": 96,
    "table_s15_sensitivity_conclusion_matrix.tsv": 119,
    "table_s16_software_resources_versions.tsv": 47
  },
  "status_rows": 16,
  "outputs": {
    "table_s1_gwas_metadata.tsv": "9e0ddd3c09e809215a7cd89902e7a9a2e698c2fa885972039de5652d03412dfc",
    "table_s4_snp_heritability.tsv": "78104b42331fb95b507257fe30d54c31764eb40cf9e9317d0e59de4bb21cb393",
    "table_s5_global_rg.tsv": "e526d009758d4694cf1fc17ae1c404b69592bf382c1571b7e4c24089ad302011",
    "table_s7_latent_factor_rg.tsv": "65bdc1a2995775d352cdd1219692f69d38b8a0b3083e96633792a832b8a49980",
    "table_s8_replication_audit.tsv": "4e515b37ae2f5bb9e5a11a1ba80300e27a77c49b58045c3a84a65482750ef666",
    "table_s15_correction_sensitivity.tsv": "7e520c7da9062d7ba96b2a36bbf135ed44a09b1cbd8bda90221c4484fcc7c303",
    "table_s15_sensitivity_conclusion_matrix.tsv": "3376f420710714a47c634d326023a639f29540d7033cb109227b62d2160bd912",
    "table_s16_software_resources_versions.tsv": "1a76e4829809b436f3fe239d7a90fa22de3ce7cd2314404294910915655331c2",
    "supplementary_table_status.tsv": "c7329fa64dbcd1e6778a8f271376b46a9b3086d2a30f8950ac61f9d606ee8879"
  },
  "provenance": "frailty_paper/paper/supplementary_tables/supplementary_tables.provenance.json"
}
