{
  "classification": "DERIVED_ARTIFACT_AND_MANUSCRIPT_VALIDATION_NOT_SCIENTIFIC_APPROVAL",
  "checks": [
    {
      "check": "Complete16claim_source_bindings",
      "status": "PASS",
      "detail": "Exact result artifact hashes, methods, limits and independent evidence fields"
    },
    {
      "check": "Inherited72_35_original_family",
      "status": "PASS",
      "detail": "No subset FDR recomputation"
    },
    {
      "check": "Immutable_LAVA_failure",
      "status": "PASS",
      "detail": "NOT_RUN3720 exceeds locked873; not biological null"
    },
    {
      "check": "Candidate_count",
      "status": "PASS",
      "detail": "Pair-specific protected screening candidates"
    },
    {
      "check": "Eight_actual_native_fits",
      "status": "PASS",
      "detail": "Same-discovery exploratory reference-qualified fits"
    },
    {
      "check": "Native12posterior_conditions",
      "status": "PASS",
      "detail": "Every signal-pair/prior result retained"
    },
    {
      "check": "Primary_H4_values",
      "status": "PASS",
      "detail": "Default and prespecified lower prior; no causal identity inference"
    },
    {
      "check": "Four_slot_clinical_outcomes",
      "status": "PASS",
      "detail": "Two pass;one nonpass;one unestimated under Bonferroni4"
    },
    {
      "check": "Clinical_scope_not_promoted",
      "status": "PASS",
      "detail": "No independent two-trait/shared-causal-variant claim"
    },
    {
      "check": "Locked_truth_known_calibration",
      "status": "PASS",
      "detail": "Not empirical false-positive calibration"
    },
    {
      "check": "Recorded_rejection_range",
      "status": "PASS",
      "detail": "Truth-null nominal5% scenario fractions"
    },
    {
      "check": "All_historical_covariance_estimates",
      "status": "PASS",
      "detail": "Historical arithmetic, uncertified model calibration"
    },
    {
      "check": "Conditional72contrast_family",
      "status": "PASS",
      "detail": "Retrospective same-source normal-model diagnostic"
    },
    {
      "check": "All120molecular_conditions_negative",
      "status": "PASS",
      "detail": "No effector admitted; not proof of biological absence"
    },
    {
      "check": "Novelty_protected25_known22",
      "status": "PASS",
      "detail": "Three PD unresolved rather than novel"
    },
    {
      "check": "CandidateC_QTL_admission_hold",
      "status": "PASS",
      "detail": "Broader historical window contains new native C; no admitted strong QTL"
    },
    {
      "check": "Fresh_sources_and_source_specific_terms",
      "status": "PASS",
      "detail": "Historical rows and fresh recovery/reference/FinnGen feasibility explicit; four molecular resources retained"
    },
    {
      "check": "Abstracts_and_qualified_conclusions",
      "status": "PASS",
      "detail": "GM words=247;MP words=205"
    },
    {
      "check": "Conservative_article_length",
      "status": "PASS",
      "detail": "Main body estimated words=2342"
    },
    {
      "check": "Verified_reference_keys",
      "status": "PASS",
      "detail": "15 references;primary metadata/access limitations retained"
    },
    {
      "check": "Public_figure_outputs",
      "status": "PASS",
      "detail": "Three vector figures with source tables and script/hash provenance"
    },
    {
      "check": "No_restricted_native_or_filtered_artifacts_in_public_area",
      "status": "PASS",
      "detail": "[]"
    },
    {
      "check": "Component_status_schema",
      "status": "PASS",
      "detail": "Scientific evidence/software/human holds classified separately"
    }
  ],
  "passed": 23,
  "failed": 0
}
