{
  "classification": "UNCHANGED_CODE_SOURCE_VERIFIED_ISOLATED_NUMERICAL_REPLAY",
  "relative_tolerance": 1e-12,
  "absolute_tolerance": 0,
  "all_frozen_claim_artifacts_byte_unchanged": true,
  "tables": [
    {
      "table": "global_contrasts/contrasts.tsv",
      "rows": 72,
      "numeric_fields_checked": 792,
      "maximum_relative_error": 0.0,
      "bitwise_equal": true,
      "status": "PASS"
    },
    {
      "table": "global_contrasts/covariance_sensitivity.tsv",
      "rows": 648,
      "numeric_fields_checked": 1944,
      "maximum_relative_error": 0.0,
      "bitwise_equal": true,
      "status": "PASS"
    },
    {
      "table": "molecular/sensitivity_results.tsv",
      "rows": 60,
      "numeric_fields_checked": 540,
      "maximum_relative_error": 0.0,
      "bitwise_equal": true,
      "status": "PASS"
    },
    {
      "table": "molecular/independent_posterior_checks.tsv",
      "rows": 4,
      "numeric_fields_checked": 4,
      "maximum_relative_error": 0.0,
      "bitwise_equal": true,
      "status": "PASS"
    }
  ]
}
