*********************************************************************
* LD Score Regression (LDSC)
* Version 3.0.1
* (C) 2014-2019 Brendan Bulik-Sullivan and Hilary Finucane
* Broad Institute of MIT and Harvard / MIT Department of Mathematics
* GNU General Public License v3
*********************************************************************
Call: 
./ldsc.py \
--out discovery_extension/logs/replication/h2/h2_finngen_r13_K11_CHOLELITH \
--h2 discovery_extension/data/replication/munged/finngen_r13_K11_CHOLELITH.sumstats.gz \
--ref-ld-chr ref/eur_w_ld_chr/ \
--w-ld-chr ref/eur_w_ld_chr/ 

Beginning analysis at Sat Aug 29 07:41:45 2026
Reading summary statistics from discovery_extension/data/replication/munged/finngen_r13_K11_CHOLELITH.sumstats.gz ...
Read summary statistics for 1156802 SNPs.
Reading reference panel LD Score from ref/eur_w_ld_chr/[1-22] ... (ldscore_fromlist)
Read reference panel LD Scores for 1290028 SNPs.
Removing partitioned LD Scores with zero variance.
Reading regression weight LD Score from ref/eur_w_ld_chr/[1-22] ... (ldscore_fromlist)
Read regression weight LD Scores for 1290028 SNPs.
After merging with reference panel LD, 1156802 SNPs remain.
After merging with regression SNP LD, 1156802 SNPs remain.
Using two-step estimator with cutoff at 30.
Total Observed scale h2: 0.1326 (0.0231)
Lambda GC: 1.4325
Mean Chi^2: 1.653
Intercept: 1.1786 (0.0174)
Ratio: 0.2736 (0.0267)
Analysis finished at Sat Aug 29 07:41:51 2026
Total time elapsed: 5.75s
