*********************************************************************
* LD Score Regression (LDSC)
* Version 3.0.1
* (C) 2014-2019 Brendan Bulik-Sullivan and Hilary Finucane
* Broad Institute of MIT and Harvard / MIT Department of Mathematics
* GNU General Public License v3
*********************************************************************
Call: 
./ldsc.py \
--out discovery_extension/logs/replication/h2/h2_finngen_r13_M13_ARTHROSIS_KNEE \
--h2 discovery_extension/data/replication/munged/finngen_r13_M13_ARTHROSIS_KNEE.sumstats.gz \
--ref-ld-chr ref/eur_w_ld_chr/ \
--w-ld-chr ref/eur_w_ld_chr/ 

Beginning analysis at Sat Aug 29 07:41:26 2026
Reading summary statistics from discovery_extension/data/replication/munged/finngen_r13_M13_ARTHROSIS_KNEE.sumstats.gz ...
Read summary statistics for 1156824 SNPs.
Reading reference panel LD Score from ref/eur_w_ld_chr/[1-22] ... (ldscore_fromlist)
Read reference panel LD Scores for 1290028 SNPs.
Removing partitioned LD Scores with zero variance.
Reading regression weight LD Score from ref/eur_w_ld_chr/[1-22] ... (ldscore_fromlist)
Read regression weight LD Scores for 1290028 SNPs.
After merging with reference panel LD, 1156824 SNPs remain.
After merging with regression SNP LD, 1156824 SNPs remain.
Using two-step estimator with cutoff at 30.
Total Observed scale h2: 0.1454 (0.0064)
Lambda GC: 1.6797
Mean Chi^2: 1.8415
Intercept: 1.2236 (0.0153)
Ratio: 0.2657 (0.0182)
Analysis finished at Sat Aug 29 07:41:32 2026
Total time elapsed: 5.64s
