*********************************************************************
* LD Score Regression (LDSC)
* Version 3.0.1
* (C) 2014-2019 Brendan Bulik-Sullivan and Hilary Finucane
* Broad Institute of MIT and Harvard / MIT Department of Mathematics
* GNU General Public License v3
*********************************************************************
Call: 
./ldsc.py \
--out discovery_extension/logs/replication/h2/h2_gwas_catalog_GCST90479148 \
--h2 discovery_extension/data/replication/munged/gwas_catalog_GCST90479148.sumstats.gz \
--ref-ld-chr ref/eur_w_ld_chr/ \
--w-ld-chr ref/eur_w_ld_chr/ 

Beginning analysis at Sat Aug 29 07:40:36 2026
Reading summary statistics from discovery_extension/data/replication/munged/gwas_catalog_GCST90479148.sumstats.gz ...
Read summary statistics for 826029 SNPs.
Reading reference panel LD Score from ref/eur_w_ld_chr/[1-22] ... (ldscore_fromlist)
Read reference panel LD Scores for 1290028 SNPs.
Removing partitioned LD Scores with zero variance.
Reading regression weight LD Score from ref/eur_w_ld_chr/[1-22] ... (ldscore_fromlist)
Read regression weight LD Scores for 1290028 SNPs.
After merging with reference panel LD, 826029 SNPs remain.
After merging with regression SNP LD, 826029 SNPs remain.
Using two-step estimator with cutoff at 30.
Total Observed scale h2: 0.0547 (0.0035)
Lambda GC: 1.4609
Mean Chi^2: 1.4616
Intercept: 1.1325 (0.0106)
Ratio: 0.287 (0.0229)
Analysis finished at Sat Aug 29 07:40:42 2026
Total time elapsed: 5.36s
