{"case_complete": "success", "checks_so_far": 549, "metadata_stub_commands": 175}
{"case_complete": "harmonize_failure_owned_cleanup", "checks_so_far": 559, "metadata_stub_commands": 2}
{"case_complete": "compare_failure", "checks_so_far": 572, "metadata_stub_commands": 4}
{"case_complete": "cleanup_failure", "checks_so_far": 587, "metadata_stub_commands": 5}
{"case_complete": "RSS_over_2GiB", "checks_so_far": 596, "metadata_stub_commands": 2}
{"case_complete": "worker_over_2h", "checks_so_far": 605, "metadata_stub_commands": 2}
{"case_complete": "wrong_recorded_command", "checks_so_far": 960, "metadata_stub_commands": 175}
{"case_complete": "missing_old_worker", "checks_so_far": 1316, "metadata_stub_commands": 175}
{"case_complete": "missing_old_output", "checks_so_far": 1672, "metadata_stub_commands": 175}
{"case_complete": "same_bytes_output_symlink", "checks_so_far": 2028, "metadata_stub_commands": 175}
{"case_complete": "same_bytes_worker_parent_symlink", "checks_so_far": 2384, "metadata_stub_commands": 175}
{"case_complete": "residual_spool", "checks_so_far": 2740, "metadata_stub_commands": 175}
{"case_complete": "cleanup_proof_tampered", "checks_so_far": 3096, "metadata_stub_commands": 175}
{"case_complete": "receipt_count174", "checks_so_far": 3452, "metadata_stub_commands": 175}
{"case_complete": "receipt_count176", "checks_so_far": 3808, "metadata_stub_commands": 175}
{"case_complete": "completed_order_changed", "checks_so_far": 4164, "metadata_stub_commands": 175}
{"case_complete": "postpersist_internal_floor", "checks_so_far": 4520, "metadata_stub_commands": 175}
{"case_complete": "postpersist_core_cap", "checks_so_far": 4876, "metadata_stub_commands": 175}
{"case_complete": "postpersist_campaign_cap", "checks_so_far": 5232, "metadata_stub_commands": 175}
{"case_complete": "postpersist_stage_deadline", "checks_so_far": 5588, "metadata_stub_commands": 175}
{"case_complete": "deferred_signal_postpersist", "checks_so_far": 5944, "metadata_stub_commands": 175}
{"case_complete": "primary_persistence_failure", "checks_so_far": 6299, "metadata_stub_commands": 175}
{"status": "PASS_PRELAUNCH_PLAN_AND_CONTROLLER_STUBS_NOT_EXECUTION_ADMISSION", "check_count": 6300, "case_count": 22, "peak_rss_bytes": 78381056, "elapsed_seconds": 241.42460333299823}
