*********************************************************************
* LD Score Regression (LDSC)
* Version 3.0.1
* (C) 2014-2019 Brendan Bulik-Sullivan and Hilary Finucane
* Broad Institute of MIT and Harvard / MIT Department of Mathematics
* GNU General Public License v3
*********************************************************************
Call:
./ldsc.py \
--out frailty_paper/results/frailty_v1/logs_snoring_liability/h2_snoring \
--h2 /Volumes/Extreme SSD/sleep-gwas-atlas-frailty-v1/analysis-workspace/frailty_v1/munged/snoring.sumstats.gz \
--ref-ld-chr /Volumes/Extreme SSD/sleep-gwas-atlas-frailty-v1/analysis-workspace/reference/eur_w_ld_chr/ \
--w-ld-chr /Volumes/Extreme SSD/sleep-gwas-atlas-frailty-v1/analysis-workspace/reference/eur_w_ld_chr/ \
--samp-prev 0.3729994097723093 \
--pop-prev 0.37

Beginning analysis at Fri Sep 25 23:32:13 2026
Reading summary statistics from /Volumes/Extreme SSD/sleep-gwas-atlas-frailty-v1/analysis-workspace/frailty_v1/munged/snoring.sumstats.gz ...
Read summary statistics for 1179075 SNPs.
Reading reference panel LD Score from /Volumes/Extreme SSD/sleep-gwas-atlas-frailty-v1/analysis-workspace/reference/eur_w_ld_chr/[1-22] ... (ldscore_fromlist)
Read reference panel LD Scores for 1290028 SNPs.
Removing partitioned LD Scores with zero variance.
Reading regression weight LD Score from /Volumes/Extreme SSD/sleep-gwas-atlas-frailty-v1/analysis-workspace/reference/eur_w_ld_chr/[1-22] ... (ldscore_fromlist)
Read regression weight LD Scores for 1290028 SNPs.
After merging with reference panel LD, 1175370 SNPs remain.
After merging with regression SNP LD, 1175370 SNPs remain.
Using two-step estimator with cutoff at 30.
Total Liability scale h2: 0.1054 (0.0041)
Lambda GC: 1.4281
Mean Chi^2: 1.5099
Intercept: 1.0309 (0.0091)
Ratio: 0.0606 (0.0179)
Analysis finished at Fri Sep 25 23:32:51 2026
Total time elapsed: 37.37s
