COUNT_AUDIT 1/100 panukbb_biomarkers__30890__both_sexes__na__irnt template=1217311 finite=1166890 elapsed=3.2
COUNT_AUDIT 2/100 panukbb_categorical__1418__both_sexes__1__na template=1217311 finite=1166905 elapsed=9.1
COUNT_AUDIT 3/100 panukbb_categorical__1468__both_sexes__4__na template=1217311 finite=1166884 elapsed=15.7
COUNT_AUDIT 4/100 panukbb_categorical__1538__both_sexes__1__na template=1217311 finite=1166902 elapsed=18.2
COUNT_AUDIT 5/100 panukbb_categorical__1677__both_sexes__1677__na template=1217311 finite=1166509 elapsed=22.9
COUNT_AUDIT 6/100 panukbb_categorical__1707__both_sexes__2__na template=1217311 finite=1166902 elapsed=28.0
COUNT_AUDIT 7/100 panukbb_categorical__20002__both_sexes__1226__na template=1217311 finite=1166901 elapsed=34.4
COUNT_AUDIT 8/100 panukbb_categorical__20003__both_sexes__1140874420__na template=1217311 finite=1166901 elapsed=40.7
COUNT_AUDIT 9/100 panukbb_categorical__20003__both_sexes__1140881856__na template=1217311 finite=1166902 elapsed=45.6
COUNT_AUDIT 10/100 panukbb_categorical__20004__both_sexes__1478__na template=1217311 finite=1166903 elapsed=48.1
COUNT_AUDIT 11/100 panukbb_categorical__20004__both_sexes__1480__na template=1217311 finite=1166902 elapsed=50.4
COUNT_AUDIT 12/100 panukbb_categorical__20004__both_sexes__1483__na template=1217311 finite=1166906 elapsed=52.9
COUNT_AUDIT 13/100 panukbb_categorical__20117__both_sexes__2__na template=1217311 finite=1166908 elapsed=55.5
COUNT_AUDIT 14/100 panukbb_categorical__2020__both_sexes__2020__na template=1217311 finite=1166905 elapsed=58.1
COUNT_AUDIT 15/100 panukbb_categorical__2040__both_sexes__2040__na template=1217311 finite=1166898 elapsed=61.3
COUNT_AUDIT 16/100 panukbb_categorical__2207__both_sexes__2207__na template=1217311 finite=1166904 elapsed=64.3
COUNT_AUDIT 17/100 panukbb_categorical__2257__both_sexes__2257__na template=1217311 finite=1166899 elapsed=66.4
COUNT_AUDIT 18/100 panukbb_categorical__2316__both_sexes__2316__na template=1217311 finite=1166899 elapsed=68.9
COUNT_AUDIT 19/100 panukbb_categorical__3393__both_sexes__3393__na template=1217311 finite=1166901 elapsed=70.7
COUNT_AUDIT 20/100 panukbb_categorical__3571__both_sexes__3571__na template=1217311 finite=1166885 elapsed=72.6
COUNT_AUDIT 21/100 panukbb_categorical__41200__both_sexes__j183__na template=1217311 finite=1165648 elapsed=74.1
COUNT_AUDIT 22/100 panukbb_categorical__4294__both_sexes__0__na template=1217311 finite=1166588 elapsed=75.7
COUNT_AUDIT 23/100 panukbb_categorical__5001__both_sexes__5001__na template=1217311 finite=1166921 elapsed=77.3
COUNT_AUDIT 24/100 panukbb_categorical__6138__both_sexes__5__na template=1217311 finite=1166900 elapsed=78.7
COUNT_AUDIT 25/100 panukbb_categorical__6142__both_sexes__6__na template=1217311 finite=1166904 elapsed=80.2
COUNT_AUDIT 26/100 panukbb_categorical__6145__both_sexes__6__na template=1217311 finite=1166892 elapsed=81.6
COUNT_AUDIT 27/100 panukbb_categorical__6149__both_sexes__3__na template=1217311 finite=1166898 elapsed=83.0
COUNT_AUDIT 28/100 panukbb_categorical__6149__both_sexes__4__na template=1217311 finite=1166903 elapsed=84.4
COUNT_AUDIT 29/100 panukbb_categorical__6149__both_sexes__6__na template=1217311 finite=1166902 elapsed=85.7
COUNT_AUDIT 30/100 panukbb_categorical__6151__both_sexes__7__na template=1217311 finite=1166899 elapsed=87.2
COUNT_AUDIT 31/100 panukbb_categorical__6159__both_sexes__7__na template=1217311 finite=1166901 elapsed=88.8
COUNT_AUDIT 32/100 panukbb_categorical__6159__both_sexes__8__na template=1217311 finite=1166903 elapsed=90.4
COUNT_AUDIT 33/100 panukbb_categorical__6164__both_sexes__5__na template=1217311 finite=1166905 elapsed=91.8
COUNT_AUDIT 34/100 panukbb_continuous__1140__both_sexes__na__na template=1217311 finite=1166866 elapsed=93.5
COUNT_AUDIT 35/100 panukbb_continuous__1259__both_sexes__na__na template=1217311 finite=1166901 elapsed=95.3
COUNT_AUDIT 36/100 panukbb_continuous__1349__both_sexes__na__na template=1217311 finite=1166903 elapsed=97.1
COUNT_AUDIT 37/100 panukbb_continuous__135__both_sexes__na__na template=1217311 finite=1166906 elapsed=98.4
COUNT_AUDIT 38/100 panukbb_continuous__1548__both_sexes__na__na template=1217311 finite=1166903 elapsed=99.7
COUNT_AUDIT 39/100 panukbb_continuous__1588__both_sexes__na__na template=1217311 finite=1166460 elapsed=101.1
COUNT_AUDIT 40/100 panukbb_continuous__1757__both_sexes__na__na template=1217311 finite=1166905 elapsed=103.2
COUNT_AUDIT 41/100 panukbb_continuous__20022__both_sexes__na__irnt template=1217311 finite=1166911 elapsed=104.5
COUNT_AUDIT 42/100 panukbb_continuous__20023__both_sexes__na__irnt template=1217311 finite=1166904 elapsed=106.1
COUNT_AUDIT 43/100 panukbb_continuous__20409__both_sexes__na__na template=1217311 finite=1166900 elapsed=108.1
COUNT_AUDIT 44/100 panukbb_continuous__20485__both_sexes__na__na template=1217311 finite=1166940 elapsed=109.9
COUNT_AUDIT 45/100 panukbb_continuous__20498__both_sexes__na__na template=1217311 finite=1166528 elapsed=112.5
COUNT_AUDIT 46/100 panukbb_continuous__20515__both_sexes__na__na template=1217311 finite=1166939 elapsed=114.9
COUNT_AUDIT 47/100 panukbb_continuous__20520__both_sexes__na__na template=1217311 finite=1166942 elapsed=117.7
COUNT_AUDIT 48/100 panukbb_continuous__2217__both_sexes__na__irnt template=1217311 finite=1166896 elapsed=119.6
COUNT_AUDIT 49/100 panukbb_continuous__2237__both_sexes__na__na template=1217311 finite=1166905 elapsed=121.4
COUNT_AUDIT 50/100 panukbb_continuous__2267__both_sexes__na__na template=1217311 finite=1166907 elapsed=123.2
COUNT_AUDIT 51/100 panukbb_continuous__30060__both_sexes__na__irnt template=1217311 finite=1166893 elapsed=124.9
COUNT_AUDIT 52/100 panukbb_continuous__30510__both_sexes__na__irnt template=1217311 finite=1166891 elapsed=126.8
COUNT_AUDIT 53/100 panukbb_continuous__30520__both_sexes__na__irnt template=1217311 finite=1166896 elapsed=128.5
COUNT_AUDIT 54/100 panukbb_continuous__30530__both_sexes__na__irnt template=1217311 finite=1166893 elapsed=130.2
COUNT_AUDIT 55/100 panukbb_continuous__3064__both_sexes__na__irnt template=1217311 finite=1166896 elapsed=131.9
COUNT_AUDIT 56/100 panukbb_continuous__398__both_sexes__na__na template=1217311 finite=1166905 elapsed=133.9
COUNT_AUDIT 57/100 panukbb_continuous__400__both_sexes__na__irnt template=1217311 finite=1166899 elapsed=135.7
COUNT_AUDIT 58/100 panukbb_continuous__4105__both_sexes__na__irnt template=1217311 finite=1166927 elapsed=138.2
COUNT_AUDIT 59/100 panukbb_continuous__4195__both_sexes__na__irnt template=1217311 finite=1166910 elapsed=140.6
COUNT_AUDIT 60/100 panukbb_continuous__5096__both_sexes__na__irnt template=1217311 finite=1166920 elapsed=143.7
COUNT_AUDIT 61/100 panukbb_continuous__5116__both_sexes__na__irnt template=1217311 finite=1166911 elapsed=147.0
COUNT_AUDIT 62/100 panukbb_continuous__5257__both_sexes__na__irnt template=1217311 finite=1166918 elapsed=150.1
COUNT_AUDIT 63/100 panukbb_continuous__699__both_sexes__na__irnt template=1217311 finite=1166905 elapsed=153.2
COUNT_AUDIT 64/100 panukbb_continuous__728__both_sexes__na__na template=1217311 finite=1166903 elapsed=155.3
COUNT_AUDIT 65/100 panukbb_continuous__816__both_sexes__na__na template=1217311 finite=1166876 elapsed=157.3
COUNT_AUDIT 66/100 panukbb_continuous__874__both_sexes__na__irnt template=1217311 finite=1166878 elapsed=158.7
COUNT_AUDIT 67/100 panukbb_continuous__904__both_sexes__na__na template=1217311 finite=1166897 elapsed=160.1
COUNT_AUDIT 68/100 panukbb_continuous__924__both_sexes__na__na template=1217311 finite=1166903 elapsed=161.5
COUNT_AUDIT 69/100 panukbb_continuous__943__both_sexes__na__na template=1217311 finite=1166907 elapsed=162.8
COUNT_AUDIT 70/100 panukbb_icd10__i83__both_sexes__na__na template=1217311 finite=1166899 elapsed=163.7
COUNT_AUDIT 71/100 panukbb_icd10__j44__both_sexes__na__na template=1217311 finite=1166903 elapsed=164.7
COUNT_AUDIT 72/100 panukbb_icd10__k21__both_sexes__na__na template=1217311 finite=1166900 elapsed=165.7
COUNT_AUDIT 73/100 panukbb_icd10__k80__both_sexes__na__na template=1217311 finite=1166410 elapsed=167.5
COUNT_AUDIT 74/100 panukbb_icd10__m16__both_sexes__na__na template=1217311 finite=1166902 elapsed=168.9
COUNT_AUDIT 75/100 panukbb_icd10__m17__both_sexes__na__na template=1217311 finite=1166360 elapsed=170.8
COUNT_AUDIT 76/100 panukbb_icd10__m51__both_sexes__na__na template=1217311 finite=1166902 elapsed=172.2
COUNT_AUDIT 77/100 panukbb_icd10__z88__both_sexes__na__na template=1217311 finite=1166904 elapsed=174.6
COUNT_AUDIT 78/100 panukbb_icd10__z95__both_sexes__na__na template=1217311 finite=1166901 elapsed=176.7
COUNT_AUDIT 79/100 panukbb_phecode__318__both_sexes__na__na template=1217311 finite=1166890 elapsed=177.7
COUNT_AUDIT 80/100 panukbb_phecode__496_2__both_sexes__na__na template=1217311 finite=1166890 elapsed=178.8
COUNT_AUDIT 81/100 panukbb_phecode__550_2__both_sexes__na__na template=1217311 finite=1166880 elapsed=180.3
COUNT_AUDIT 82/100 panukbb_phecode__550_4__both_sexes__na__na template=1217311 finite=1166887 elapsed=181.3
COUNT_AUDIT 83/100 panukbb_phecode__558__both_sexes__na__na template=1217311 finite=1166891 elapsed=182.3
COUNT_AUDIT 84/100 panukbb_phecode__594__both_sexes__na__na template=1217311 finite=1166900 elapsed=183.4
COUNT_AUDIT 85/100 panukbb_phecode__740__both_sexes__na__na template=1217311 finite=1166901 elapsed=184.5
COUNT_AUDIT 86/100 panukbb_phecode__785__both_sexes__na__na template=1217311 finite=1166901 elapsed=185.4
COUNT_AUDIT 87/100 panukbb_phecode__835__both_sexes__na__na template=1217311 finite=1166901 elapsed=186.5
COUNT_AUDIT 88/100 panukbb_phecode__960_2__both_sexes__na__na template=1217311 finite=1166891 elapsed=187.5
COUNT_AUDIT 89/100 panukbb_phecode__960__both_sexes__na__na template=1217311 finite=1166890 elapsed=188.5
COUNT_AUDIT 90/100 panukbb_prescriptions__amlodipine__both_sexes__na__na template=1217311 finite=1166905 elapsed=189.5
COUNT_AUDIT 91/100 panukbb_prescriptions__amoxicillin_clavulanic_acid__both_sexes__na__na template=1217311 finite=1166906 elapsed=190.8
COUNT_AUDIT 92/100 panukbb_prescriptions__bendroflumethiazide__both_sexes__na__na template=1217311 finite=1166904 elapsed=191.7
COUNT_AUDIT 93/100 panukbb_prescriptions__citalopram__both_sexes__na__na template=1217311 finite=1166904 elapsed=192.7
COUNT_AUDIT 94/100 panukbb_prescriptions__clarithromycin__both_sexes__na__na template=1217311 finite=1166901 elapsed=193.6
COUNT_AUDIT 95/100 panukbb_prescriptions__gabapentin__both_sexes__na__na template=1217311 finite=1166902 elapsed=194.5
COUNT_AUDIT 96/100 panukbb_prescriptions__latanoprost__both_sexes__na__na template=1217311 finite=1166906 elapsed=195.5
COUNT_AUDIT 97/100 panukbb_prescriptions__mebeverine__both_sexes__na__na template=1217311 finite=1166901 elapsed=196.5
COUNT_AUDIT 98/100 panukbb_prescriptions__orlistat__both_sexes__na__na template=1217311 finite=1166904 elapsed=197.4
COUNT_AUDIT 99/100 panukbb_prescriptions__paracetamol__both_sexes__na__na template=1217311 finite=1166901 elapsed=198.3
COUNT_AUDIT 100/100 panukbb_prescriptions__tramadol__both_sexes__na__na template=1217311 finite=1166903 elapsed=199.3
{
  "completed_utc": "2026-10-09T04:45:07.762605+00:00",
  "source_count": 100,
  "all100_expected_hashes_match": true,
  "all100_h2_nonmissing_counts_match": true,
  "all1200_rg_template_counts_match": true,
  "code_sha256": "e29a2fd92bcac41e5f18df0172d2e69435ab63bab99f38ec957ad2a934a8d561",
  "table_sha256": "d0ad648e77507bcd3e89140efec6b640e8b31030dd25f57c2cd2f0bd3084094f",
  "elapsed_seconds": 199.25986194610596,
  "scientific_scope": "Processed input contents and stage-specific historical counts only; no native estimator or raw harmonization replay"
}
