WARNING: Ignoring invalid distribution -pip (/Volumes/Extreme SSD/sleep-unified-research-v1/recovery-2026-10-08/plotting_runtime/venv/lib/python3.13/site-packages)
WARNING: Ignoring invalid distribution -pip (/Volumes/Extreme SSD/sleep-unified-research-v1/recovery-2026-10-08/plotting_runtime/venv/lib/python3.13/site-packages)
Collecting matplotlib==3.10.7
  Downloading matplotlib-3.10.7-cp313-cp313-macosx_11_0_arm64.whl.metadata (11 kB)
Collecting contourpy>=1.0.1 (from matplotlib==3.10.7)
  Downloading contourpy-1.4.0-cp313-cp313-macosx_11_0_arm64.whl.metadata (3.8 kB)
Collecting cycler>=0.10 (from matplotlib==3.10.7)
  Downloading cycler-0.12.1-py3-none-any.whl.metadata (3.8 kB)
Collecting fonttools>=4.22.0 (from matplotlib==3.10.7)
  Downloading fonttools-4.66.1-cp313-cp313-macosx_10_13_universal2.whl.metadata (130 kB)
Collecting kiwisolver>=1.3.1 (from matplotlib==3.10.7)
  Downloading kiwisolver-1.5.1-cp313-cp313-macosx_11_0_arm64.whl.metadata (5.2 kB)
Requirement already satisfied: numpy>=1.23 in /Library/Frameworks/Python.framework/Versions/3.13/lib/python3.13/site-packages (from matplotlib==3.10.7) (2.5.1)
Requirement already satisfied: packaging>=20.0 in /Library/Frameworks/Python.framework/Versions/3.13/lib/python3.13/site-packages (from matplotlib==3.10.7) (26.3)
Collecting pillow>=8 (from matplotlib==3.10.7)
  Downloading pillow-12.3.0-cp313-cp313-macosx_11_0_arm64.whl.metadata (9.1 kB)
Collecting pyparsing>=3 (from matplotlib==3.10.7)
  Downloading pyparsing-3.3.3-py3-none-any.whl.metadata (5.9 kB)
Requirement already satisfied: python-dateutil>=2.7 in /Library/Frameworks/Python.framework/Versions/3.13/lib/python3.13/site-packages (from matplotlib==3.10.7) (2.9.0.post0)
Requirement already satisfied: six>=1.5 in /Library/Frameworks/Python.framework/Versions/3.13/lib/python3.13/site-packages (from python-dateutil>=2.7->matplotlib==3.10.7) (1.17.0)
Downloading matplotlib-3.10.7-cp313-cp313-macosx_11_0_arm64.whl (8.1 MB)
   ━━━━━━━━━━━━━━━━━━━━━━━━━━━━━━━━━━━━━━━━ 8.1/8.1 MB 40.9 MB/s eta 0:00:00
Downloading contourpy-1.4.0-cp313-cp313-macosx_11_0_arm64.whl (285 kB)
Downloading cycler-0.12.1-py3-none-any.whl (8.3 kB)
Downloading fonttools-4.66.1-cp313-cp313-macosx_10_13_universal2.whl (3.1 MB)
   ━━━━━━━━━━━━━━━━━━━━━━━━━━━━━━━━━━━━━━━━ 3.1/3.1 MB 86.6 MB/s eta 0:00:00
Downloading kiwisolver-1.5.1-cp313-cp313-macosx_11_0_arm64.whl (64 kB)
Downloading pillow-12.3.0-cp313-cp313-macosx_11_0_arm64.whl (4.8 MB)
   ━━━━━━━━━━━━━━━━━━━━━━━━━━━━━━━━━━━━━━━━ 4.8/4.8 MB 78.4 MB/s eta 0:00:00
Downloading pyparsing-3.3.3-py3-none-any.whl (126 kB)
WARNING: Ignoring invalid distribution -pip (/Volumes/Extreme SSD/sleep-unified-research-v1/recovery-2026-10-08/plotting_runtime/venv/lib/python3.13/site-packages)
Installing collected packages: pyparsing, pillow, kiwisolver, fonttools, cycler, contourpy, matplotlib

WARNING: Ignoring invalid distribution -pip (/Volumes/Extreme SSD/sleep-unified-research-v1/recovery-2026-10-08/plotting_runtime/venv/lib/python3.13/site-packages)
WARNING: Ignoring invalid distribution -pyparsing (/Volumes/Extreme SSD/sleep-unified-research-v1/recovery-2026-10-08/plotting_runtime/venv/lib/python3.13/site-packages)
WARNING: Ignoring invalid distribution -pillow (/Volumes/Extreme SSD/sleep-unified-research-v1/recovery-2026-10-08/plotting_runtime/venv/lib/python3.13/site-packages)
WARNING: Ignoring invalid distribution -kiwisolver (/Volumes/Extreme SSD/sleep-unified-research-v1/recovery-2026-10-08/plotting_runtime/venv/lib/python3.13/site-packages)
WARNING: Ignoring invalid distribution -fonttools (/Volumes/Extreme SSD/sleep-unified-research-v1/recovery-2026-10-08/plotting_runtime/venv/lib/python3.13/site-packages)
WARNING: Ignoring invalid distribution -cycler (/Volumes/Extreme SSD/sleep-unified-research-v1/recovery-2026-10-08/plotting_runtime/venv/lib/python3.13/site-packages)
WARNING: Ignoring invalid distribution -contourpy (/Volumes/Extreme SSD/sleep-unified-research-v1/recovery-2026-10-08/plotting_runtime/venv/lib/python3.13/site-packages)
WARNING: Ignoring invalid distribution -matplotlib (/Volumes/Extreme SSD/sleep-unified-research-v1/recovery-2026-10-08/plotting_runtime/venv/lib/python3.13/site-packages)
Successfully installed contourpy-1.4.0 cycler-0.12.1 fonttools-4.66.1 kiwisolver-1.5.1 matplotlib-3.10.7 pillow-12.3.0 pyparsing-3.3.3
