{
  "completed_utc": "2026-10-09T04:27:26.746681+00:00",
  "url": "https://ftp.ebi.ac.uk/pub/databases/gwas/summary_statistics/GCST90475001-GCST90476000/GCST90475826/GCST90475826.tsv.gz",
  "path": "/Volumes/Extreme SSD/sleep-unified-research-v1/recovery-2026-10-08/new_validation_sources/GCST90475826.tsv.gz",
  "expected_bytes": 575504178,
  "actual_bytes": 575504178,
  "expected_md5": "2e9c12624b653aac527444fc426e037b",
  "actual_md5": "2e9c12624b653aac527444fc426e037b",
  "actual_sha256": "46b62349ba0d98b22bf302be973bb54a80707cfb02ce953426f8224910761835",
  "headers": {
    "Date": "Fri, 09 Oct 2026 04:17:49 GMT",
    "Server": "Apache",
    "Last-Modified": "Wed, 19 Mar 2025 15:05:39 GMT",
    "ETag": "\"224d7f32-630b35ab64241\"",
    "Accept-Ranges": "bytes",
    "Content-Length": "575504178",
    "Access-Control-Allow-Origin": "*",
    "Access-Control-Allow-Methods": "GET,OPTIONS",
    "Access-Control-Allow-Headers": "Authorization,Origin,User-Agent,X-Requested-With,If-Modified-Since,Cache-Control,Content-Type,Range,Accept",
    "Connection": "close",
    "Content-Type": "application/x-gzip"
  },
  "verification_status": "PASS",
  "protocol_sha256": "6e25d05b85bdc2a4baee4aa861fc33364cf86dd6768365f71b331a92a4aad05e",
  "source_contract_sha256": "2b83011eae4db96a3346ab42178493e8fe5f422b25dd536a8076f7db358a3d34",
  "genetic_correlation_outcomes_accessed": false,
  "original_input_files_modified": false
}
