official_reference_archive eur_w_ld_chr.tar.gz: MATCH_EXPECTED_SHA256
official_ld_reference_member 19.l2.M_5_50: MATCH_EXPECTED_SHA256
official_ld_reference_member 8.l2.ldscore.gz: MATCH_EXPECTED_SHA256
official_ld_reference_member 15.l2.ldscore.gz: MATCH_EXPECTED_SHA256
official_ld_reference_member w_hm3.snplist: MATCH_EXPECTED_SHA256
official_ld_reference_member 20.l2.M_5_50: MATCH_EXPECTED_SHA256
official_ld_reference_member 8.l2.M_5_50: MATCH_EXPECTED_SHA256
official_ld_reference_member 16.l2.ldscore.gz: MATCH_EXPECTED_SHA256
official_ld_reference_member 2.l2.M_5_50: MATCH_EXPECTED_SHA256
official_ld_reference_member 11.l2.M_5_50: MATCH_EXPECTED_SHA256
official_ld_reference_member 12.l2.M_5_50: MATCH_EXPECTED_SHA256
official_ld_reference_member 19.l2.ldscore.gz: MATCH_EXPECTED_SHA256
official_ld_reference_member 11.l2.ldscore.gz: MATCH_EXPECTED_SHA256
official_ld_reference_member 12.l2.ldscore.gz: MATCH_EXPECTED_SHA256
official_ld_reference_member 7.l2.M_5_50: MATCH_EXPECTED_SHA256
official_ld_reference_member 5.l2.ldscore.gz: MATCH_EXPECTED_SHA256
official_ld_reference_member 6_old.l2.ldscore.gz: MATCH_EXPECTED_SHA256
official_ld_reference_member 6.l2.ldscore.gz: MATCH_EXPECTED_SHA256
official_ld_reference_member 20.l2.ldscore.gz: MATCH_EXPECTED_SHA256
official_ld_reference_member 14.l2.M_5_50: MATCH_EXPECTED_SHA256
official_ld_reference_member 6.l2.M_5_50: MATCH_EXPECTED_SHA256
official_ld_reference_member 14.l2.ldscore.gz: MATCH_EXPECTED_SHA256
official_ld_reference_member 17.l2.M_5_50: MATCH_EXPECTED_SHA256
official_ld_reference_member 2.l2.ldscore.gz: MATCH_EXPECTED_SHA256
official_ld_reference_member 21.l2.M_5_50: MATCH_EXPECTED_SHA256
official_ld_reference_member 16.l2.M_5_50: MATCH_EXPECTED_SHA256
official_ld_reference_member 4.l2.M_5_50: MATCH_EXPECTED_SHA256
official_ld_reference_member 3.l2.M_5_50: MATCH_EXPECTED_SHA256
official_ld_reference_member 4.l2.ldscore.gz: MATCH_EXPECTED_SHA256
official_ld_reference_member 3.l2.ldscore.gz: MATCH_EXPECTED_SHA256
official_ld_reference_member 22.l2.M_5_50: MATCH_EXPECTED_SHA256
official_ld_reference_member 18.l2.M_5_50: MATCH_EXPECTED_SHA256
official_ld_reference_member 7.l2.ldscore.gz: MATCH_EXPECTED_SHA256
official_ld_reference_member 5.l2.M_5_50: MATCH_EXPECTED_SHA256
official_ld_reference_member 13.l2.ldscore.gz: MATCH_EXPECTED_SHA256
official_ld_reference_member 22.l2.ldscore.gz: MATCH_EXPECTED_SHA256
official_ld_reference_member 18.l2.ldscore.gz: MATCH_EXPECTED_SHA256
official_ld_reference_member 9.l2.ldscore.gz: MATCH_EXPECTED_SHA256
official_ld_reference_member 1.l2.M_5_50: MATCH_EXPECTED_SHA256
official_ld_reference_member 6_old.l2.M_5_50: MATCH_EXPECTED_SHA256
official_ld_reference_member README: MATCH_EXPECTED_SHA256
official_ld_reference_member 17.l2.ldscore.gz: MATCH_EXPECTED_SHA256
official_ld_reference_member 10.l2.ldscore.gz: MATCH_EXPECTED_SHA256
official_ld_reference_member 1.l2.ldscore.gz: MATCH_EXPECTED_SHA256
official_ld_reference_member 15.l2.M_5_50: MATCH_EXPECTED_SHA256
official_ld_reference_member 21.l2.ldscore.gz: MATCH_EXPECTED_SHA256
official_ld_reference_member 9.l2.M_5_50: MATCH_EXPECTED_SHA256
official_ld_reference_member 13.l2.M_5_50: MATCH_EXPECTED_SHA256
official_ld_reference_member 10.l2.M_5_50: MATCH_EXPECTED_SHA256
variant_map hm3_grch37_variant_map.tsv.gz: MATCH_EXPECTED_SHA256
liftover_chain hg38ToHg19.over.chain.gz: MATCH_EXPECTED_SHA256
core_raw insomnia: MATCH_EXPECTED_SHA256
core_munged insomnia: HASH_RECORDED_NO_HISTORICAL_EXPECTED_HASH
core_harmonized insomnia: HASH_RECORDED_NO_HISTORICAL_EXPECTED_HASH
core_raw sleepdur: MATCH_EXPECTED_SHA256
core_munged sleepdur: HASH_RECORDED_NO_HISTORICAL_EXPECTED_HASH
core_harmonized sleepdur: HASH_RECORDED_NO_HISTORICAL_EXPECTED_HASH
core_raw shortsleep: MATCH_EXPECTED_SHA256
core_munged shortsleep: HASH_RECORDED_NO_HISTORICAL_EXPECTED_HASH
core_harmonized shortsleep: HASH_RECORDED_NO_HISTORICAL_EXPECTED_HASH
core_raw longsleep: MATCH_EXPECTED_SHA256
core_munged longsleep: HASH_RECORDED_NO_HISTORICAL_EXPECTED_HASH
core_harmonized longsleep: HASH_RECORDED_NO_HISTORICAL_EXPECTED_HASH
core_raw chronotype: MATCH_EXPECTED_SHA256
core_munged chronotype: HASH_RECORDED_NO_HISTORICAL_EXPECTED_HASH
core_harmonized chronotype: HASH_RECORDED_NO_HISTORICAL_EXPECTED_HASH
core_raw sleepiness: MATCH_EXPECTED_SHA256
core_munged sleepiness: HASH_RECORDED_NO_HISTORICAL_EXPECTED_HASH
core_harmonized sleepiness: HASH_RECORDED_NO_HISTORICAL_EXPECTED_HASH
core_raw napping: MATCH_EXPECTED_SHA256
core_munged napping: HASH_RECORDED_NO_HISTORICAL_EXPECTED_HASH
core_harmonized napping: HASH_RECORDED_NO_HISTORICAL_EXPECTED_HASH
core_raw snoring: MATCH_EXPECTED_SHA256
core_munged snoring: HASH_RECORDED_NO_HISTORICAL_EXPECTED_HASH
core_harmonized snoring: HASH_RECORDED_NO_HISTORICAL_EXPECTED_HASH
core_raw sleep_apnea: MATCH_EXPECTED_SHA256
core_munged sleep_apnea: HASH_RECORDED_NO_HISTORICAL_EXPECTED_HASH
core_harmonized sleep_apnea: HASH_RECORDED_NO_HISTORICAL_EXPECTED_HASH
core_raw sleep_efficiency: MATCH_EXPECTED_SHA256
core_munged sleep_efficiency: HASH_RECORDED_NO_HISTORICAL_EXPECTED_HASH
core_harmonized sleep_efficiency: HASH_RECORDED_NO_HISTORICAL_EXPECTED_HASH
core_raw accel_sleep_duration: MATCH_EXPECTED_SHA256
core_munged accel_sleep_duration: HASH_RECORDED_NO_HISTORICAL_EXPECTED_HASH
core_harmonized accel_sleep_duration: HASH_RECORDED_NO_HISTORICAL_EXPECTED_HASH
core_raw sleep_timing: MATCH_EXPECTED_SHA256
core_munged sleep_timing: HASH_RECORDED_NO_HISTORICAL_EXPECTED_HASH
core_harmonized sleep_timing: HASH_RECORDED_NO_HISTORICAL_EXPECTED_HASH
core_raw alz: MATCH_EXPECTED_SHA256
core_munged alz: HASH_RECORDED_NO_HISTORICAL_EXPECTED_HASH
core_harmonized alz: HASH_RECORDED_NO_HISTORICAL_EXPECTED_HASH
core_raw parkinson: MATCH_EXPECTED_SHA256
core_munged parkinson: HASH_RECORDED_NO_HISTORICAL_EXPECTED_HASH
core_harmonized parkinson: HASH_RECORDED_NO_HISTORICAL_EXPECTED_HASH
core_raw mdd: MATCH_EXPECTED_SHA256
core_munged mdd: HASH_RECORDED_NO_HISTORICAL_EXPECTED_HASH
core_harmonized mdd: HASH_RECORDED_NO_HISTORICAL_EXPECTED_HASH
core_raw scz: MATCH_EXPECTED_SHA256
core_munged scz: HASH_RECORDED_NO_HISTORICAL_EXPECTED_HASH
core_harmonized scz: HASH_RECORDED_NO_HISTORICAL_EXPECTED_HASH
core_raw bipolar: MATCH_EXPECTED_SHA256
core_munged bipolar: HASH_RECORDED_NO_HISTORICAL_EXPECTED_HASH
core_harmonized bipolar: HASH_RECORDED_NO_HISTORICAL_EXPECTED_HASH
core_raw adhd: MATCH_EXPECTED_SHA256
core_munged adhd: HASH_RECORDED_NO_HISTORICAL_EXPECTED_HASH
core_harmonized adhd: HASH_RECORDED_NO_HISTORICAL_EXPECTED_HASH
core_raw ibd: MATCH_EXPECTED_SHA256
core_munged ibd: HASH_RECORDED_NO_HISTORICAL_EXPECTED_HASH
core_harmonized ibd: HASH_RECORDED_NO_HISTORICAL_EXPECTED_HASH
core_raw crohn: MATCH_EXPECTED_SHA256
core_munged crohn: HASH_RECORDED_NO_HISTORICAL_EXPECTED_HASH
core_harmonized crohn: HASH_RECORDED_NO_HISTORICAL_EXPECTED_HASH
core_raw uc: MATCH_EXPECTED_SHA256
core_munged uc: HASH_RECORDED_NO_HISTORICAL_EXPECTED_HASH
core_harmonized uc: HASH_RECORDED_NO_HISTORICAL_EXPECTED_HASH
core_raw ra: MATCH_EXPECTED_SHA256
core_munged ra: HASH_RECORDED_NO_HISTORICAL_EXPECTED_HASH
core_harmonized ra: HASH_RECORDED_NO_HISTORICAL_EXPECTED_HASH
core_raw ms: MATCH_EXPECTED_SHA256
core_prefiltered ms: MATCH_EXPECTED_SHA256
core_munged ms: HASH_RECORDED_NO_HISTORICAL_EXPECTED_HASH
core_harmonized ms: HASH_RECORDED_NO_HISTORICAL_EXPECTED_HASH
core_raw asthma: MATCH_EXPECTED_SHA256
core_prefiltered asthma: MATCH_EXPECTED_SHA256
core_munged asthma: HASH_RECORDED_NO_HISTORICAL_EXPECTED_HASH
core_harmonized asthma: HASH_RECORDED_NO_HISTORICAL_EXPECTED_HASH
core_raw bmi: MATCH_EXPECTED_SHA256
core_munged bmi: HASH_RECORDED_NO_HISTORICAL_EXPECTED_HASH
core_harmonized bmi: HASH_RECORDED_NO_HISTORICAL_EXPECTED_HASH
core_raw t2d: MATCH_EXPECTED_SHA256
core_prefiltered t2d: MATCH_EXPECTED_SHA256
core_munged t2d: HASH_RECORDED_NO_HISTORICAL_EXPECTED_HASH
core_harmonized t2d: HASH_RECORDED_NO_HISTORICAL_EXPECTED_HASH
core_raw ldl: MISSING
core_prefiltered ldl: MATCH_EXPECTED_SHA256
core_munged ldl: HASH_RECORDED_NO_HISTORICAL_EXPECTED_HASH
core_harmonized ldl: HASH_RECORDED_NO_HISTORICAL_EXPECTED_HASH
core_raw hdl: MISSING
core_prefiltered hdl: MATCH_EXPECTED_SHA256
core_munged hdl: HASH_RECORDED_NO_HISTORICAL_EXPECTED_HASH
core_harmonized hdl: HASH_RECORDED_NO_HISTORICAL_EXPECTED_HASH
core_raw triglycerides: MISSING
core_prefiltered triglycerides: MATCH_EXPECTED_SHA256
core_munged triglycerides: HASH_RECORDED_NO_HISTORICAL_EXPECTED_HASH
core_harmonized triglycerides: HASH_RECORDED_NO_HISTORICAL_EXPECTED_HASH
core_raw cad: MATCH_EXPECTED_SHA256
core_prefiltered cad: MATCH_EXPECTED_SHA256
core_munged cad: HASH_RECORDED_NO_HISTORICAL_EXPECTED_HASH
core_harmonized cad: HASH_RECORDED_NO_HISTORICAL_EXPECTED_HASH
core_raw stroke: MATCH_EXPECTED_SHA256
core_munged stroke: HASH_RECORDED_NO_HISTORICAL_EXPECTED_HASH
core_harmonized stroke: HASH_RECORDED_NO_HISTORICAL_EXPECTED_HASH
core_raw atrial_fibrillation: MATCH_EXPECTED_SHA256
core_munged atrial_fibrillation: HASH_RECORDED_NO_HISTORICAL_EXPECTED_HASH
core_harmonized atrial_fibrillation: HASH_RECORDED_NO_HISTORICAL_EXPECTED_HASH
core_raw sbp: MATCH_EXPECTED_SHA256
core_munged sbp: HASH_RECORDED_NO_HISTORICAL_EXPECTED_HASH
core_harmonized sbp: HASH_RECORDED_NO_HISTORICAL_EXPECTED_HASH
core_raw longevity: MATCH_EXPECTED_SHA256
core_munged longevity: HASH_RECORDED_NO_HISTORICAL_EXPECTED_HASH
core_harmonized longevity: HASH_RECORDED_NO_HISTORICAL_EXPECTED_HASH
core_raw parental_lifespan: MATCH_EXPECTED_SHA256
core_munged parental_lifespan: HASH_RECORDED_NO_HISTORICAL_EXPECTED_HASH
core_harmonized parental_lifespan: HASH_RECORDED_NO_HISTORICAL_EXPECTED_HASH
core_raw healthspan: MATCH_EXPECTED_SHA256
core_munged healthspan: HASH_RECORDED_NO_HISTORICAL_EXPECTED_HASH
core_harmonized healthspan: HASH_RECORDED_NO_HISTORICAL_EXPECTED_HASH
core_raw frailty: MATCH_EXPECTED_SHA256
core_munged frailty: HASH_RECORDED_NO_HISTORICAL_EXPECTED_HASH
core_harmonized frailty: HASH_RECORDED_NO_HISTORICAL_EXPECTED_HASH
core_raw telomere_length: MATCH_EXPECTED_SHA256
core_prefiltered telomere_length: MATCH_EXPECTED_SHA256
core_munged telomere_length: HASH_RECORDED_NO_HISTORICAL_EXPECTED_HASH
core_harmonized telomere_length: HASH_RECORDED_NO_HISTORICAL_EXPECTED_HASH
core_raw grip_strength: MATCH_EXPECTED_SHA256
core_munged grip_strength: HASH_RECORDED_NO_HISTORICAL_EXPECTED_HASH
core_harmonized grip_strength: HASH_RECORDED_NO_HISTORICAL_EXPECTED_HASH
core_raw breast_cancer: MATCH_EXPECTED_SHA256
core_munged breast_cancer: HASH_RECORDED_NO_HISTORICAL_EXPECTED_HASH
core_harmonized breast_cancer: HASH_RECORDED_NO_HISTORICAL_EXPECTED_HASH
core_raw prostate_cancer: MATCH_EXPECTED_SHA256
core_munged prostate_cancer: HASH_RECORDED_NO_HISTORICAL_EXPECTED_HASH
core_harmonized prostate_cancer: HASH_RECORDED_NO_HISTORICAL_EXPECTED_HASH
core_raw colorectal_cancer: MATCH_EXPECTED_SHA256
core_munged colorectal_cancer: HASH_RECORDED_NO_HISTORICAL_EXPECTED_HASH
core_harmonized colorectal_cancer: HASH_RECORDED_NO_HISTORICAL_EXPECTED_HASH
core_raw lung_cancer: MATCH_EXPECTED_SHA256
core_munged lung_cancer: HASH_RECORDED_NO_HISTORICAL_EXPECTED_HASH
core_harmonized lung_cancer: HASH_RECORDED_NO_HISTORICAL_EXPECTED_HASH
core_raw melanoma: MATCH_EXPECTED_SHA256
core_prefiltered melanoma: MATCH_EXPECTED_SHA256
core_munged melanoma: HASH_RECORDED_NO_HISTORICAL_EXPECTED_HASH
core_harmonized melanoma: HASH_RECORDED_NO_HISTORICAL_EXPECTED_HASH
core_raw ovarian_cancer: MATCH_EXPECTED_SHA256
core_munged ovarian_cancer: HASH_RECORDED_NO_HISTORICAL_EXPECTED_HASH
core_harmonized ovarian_cancer: HASH_RECORDED_NO_HISTORICAL_EXPECTED_HASH
core_source_archive sleepdur: MISSING
core_source_archive shortsleep: MISSING
core_source_archive longsleep: MISSING
core_source_archive sleepiness: MISSING
core_source_archive napping: MISSING
core_source_archive sleep_efficiency,accel_sleep_duration,sleep_timing: MISSING
core_source_archive healthspan: MATCH_EXPECTED_SHA256
core_source_archive parental_lifespan: MATCH_EXPECTED_SHA256
core_source_archive longevity: MATCH_EXPECTED_SHA256
core_source_archive frailty: MATCH_EXPECTED_SHA256
core_source_archive telomere_length: MATCH_EXPECTED_SHA256
core_source_archive grip_strength: MATCH_EXPECTED_SHA256
core_source_archive breast_cancer: MISSING
core_source_archive prostate_cancer: MISSING
core_source_archive ovarian_cancer: MISSING
core_source_archive ibd: MATCH_EXPECTED_SHA256
core_source_archive crohn: MATCH_EXPECTED_SHA256
core_source_archive uc: MATCH_EXPECTED_SHA256
core_source_archive bmi: MATCH_EXPECTED_SHA256
core_source_archive hdl: MISSING
core_source_archive ldl: MISSING
core_source_archive triglycerides: MISSING
core_source_archive stroke: MATCH_EXPECTED_SHA256
core_source_archive atrial_fibrillation: MATCH_EXPECTED_SHA256
core_source_archive snoring: MATCH_EXPECTED_SHA256
core_source_archive ra: MATCH_EXPECTED_SHA256
core_source_archive asthma: MATCH_EXPECTED_SHA256
core_source_archive adhd: MATCH_EXPECTED_SHA256
core_source_archive bipolar: MATCH_EXPECTED_SHA256
core_source_archive scz: MATCH_EXPECTED_SHA256
core_source_archive mdd: MISSING
core_source_archive colorectal_cancer: MISSING
core_source_archive lung_cancer: MISSING
core_source_archive sleep_apnea: MATCH_EXPECTED_SHA256
core_source_archive insomnia: MATCH_EXPECTED_SHA256
core_source_archive chronotype: MATCH_EXPECTED_SHA256
core_source_archive alz: MATCH_EXPECTED_SHA256
core_source_archive parkinson: MISSING
core_source_archive sbp: MATCH_EXPECTED_SHA256
core_source_archive cad: MATCH_EXPECTED_SHA256
core_source_archive ms: MATCH_EXPECTED_SHA256
core_source_archive t2d: MATCH_EXPECTED_SHA256
core_source_archive melanoma: MATCH_EXPECTED_SHA256
{
  "completed_utc": "2026-10-09T04:09:34.714237+00:00",
  "checks": 238,
  "matched": 129,
  "mismatches": [],
  "missing": [
    {
      "kind": "core_raw",
      "trait_id": "ldl",
      "path": "/Volumes/Extreme SSD/Utsav-Research-Archive/Sleep-GWAS/Sep1-local-dependencies/data/raw/ldl.txt.gz",
      "bytes": "",
      "mtime_ns": "",
      "expected_sha256": "36b8d68476a00fcd5a599abe5877bcab3290becd55c3ef64e0dccf9b7c6f65ab",
      "actual_sha256": "",
      "status": "MISSING",
      "expected_hash_evidence": "/Volumes/Extreme SSD/Utsav-Research-Archive/Sleep-GWAS/Sep1-local-dependencies/data/harmonized/ldl.qc.txt"
    },
    {
      "kind": "core_raw",
      "trait_id": "hdl",
      "path": "/Volumes/Extreme SSD/Utsav-Research-Archive/Sleep-GWAS/Sep1-local-dependencies/data/raw/hdl.txt.gz",
      "bytes": "",
      "mtime_ns": "",
      "expected_sha256": "3711b6c62773e9685eb6a9d9b0ba7bb6551a5dcec5721c0718e7661f891d8055",
      "actual_sha256": "",
      "status": "MISSING",
      "expected_hash_evidence": "/Volumes/Extreme SSD/Utsav-Research-Archive/Sleep-GWAS/Sep1-local-dependencies/data/harmonized/hdl.qc.txt"
    },
    {
      "kind": "core_raw",
      "trait_id": "triglycerides",
      "path": "/Volumes/Extreme SSD/Utsav-Research-Archive/Sleep-GWAS/Sep1-local-dependencies/data/raw/triglycerides.txt.gz",
      "bytes": "",
      "mtime_ns": "",
      "expected_sha256": "d21a2822bdb6de5735ca741bd98978bcd91048f68087bf60175c671747557492",
      "actual_sha256": "",
      "status": "MISSING",
      "expected_hash_evidence": "/Volumes/Extreme SSD/Utsav-Research-Archive/Sleep-GWAS/Sep1-local-dependencies/data/harmonized/triglycerides.qc.txt"
    },
    {
      "kind": "core_source_archive",
      "trait_id": "sleepdur",
      "path": "/Volumes/Extreme SSD/Utsav-Research-Archive/Sleep-GWAS/Sep1-local-dependencies/data/raw/.archives/sleepdurationsumstats.txt.zip",
      "bytes": "",
      "mtime_ns": "",
      "expected_sha256": "77ebce3fcabb32a36e028390c7a34ce7f6aac11e2b663014132be1dc0f82d7c8",
      "actual_sha256": "",
      "status": "MISSING",
      "expected_hash_evidence": "config/public_gwas_sources.tsv"
    },
    {
      "kind": "core_source_archive",
      "trait_id": "shortsleep",
      "path": "/Volumes/Extreme SSD/Utsav-Research-Archive/Sleep-GWAS/Sep1-local-dependencies/data/raw/.archives/shortsumstats.txt.zip",
      "bytes": "",
      "mtime_ns": "",
      "expected_sha256": "c083c1e318fe5c155a34faa9db39175e0b3646dfd341bdd846fd2c5689fbc4d8",
      "actual_sha256": "",
      "status": "MISSING",
      "expected_hash_evidence": "config/public_gwas_sources.tsv"
    },
    {
      "kind": "core_source_archive",
      "trait_id": "longsleep",
      "path": "/Volumes/Extreme SSD/Utsav-Research-Archive/Sleep-GWAS/Sep1-local-dependencies/data/raw/.archives/longsumstats.txt.zip",
      "bytes": "",
      "mtime_ns": "",
      "expected_sha256": "0afd9a3ccf459d283f1b6eb6a8b8b0780f54d9d634a05f816be31171a42ec885",
      "actual_sha256": "",
      "status": "MISSING",
      "expected_hash_evidence": "config/public_gwas_sources.tsv"
    },
    {
      "kind": "core_source_archive",
      "trait_id": "sleepiness",
      "path": "/Volumes/Extreme SSD/Utsav-Research-Archive/Sleep-GWAS/Sep1-local-dependencies/data/raw/.archives/Saxena.fullUKBB.DaytimeSleepiness.sumstats.zip",
      "bytes": "",
      "mtime_ns": "",
      "expected_sha256": "59fefd59ecc8ddaee0916bac55425f7b7661a375c68c154793e9baa251eccbd6",
      "actual_sha256": "",
      "status": "MISSING",
      "expected_hash_evidence": "config/public_gwas_sources.tsv"
    },
    {
      "kind": "core_source_archive",
      "trait_id": "napping",
      "path": "/Volumes/Extreme SSD/Utsav-Research-Archive/Sleep-GWAS/Sep1-local-dependencies/data/raw/.archives/Saxena_fullUKBB_Daytimenapping_summary_stats.zip",
      "bytes": "",
      "mtime_ns": "",
      "expected_sha256": "914ad4274c9d59d9dd7af1fa3bb3334b4649c144ddee9b7a309ddbfd5958ab4d",
      "actual_sha256": "",
      "status": "MISSING",
      "expected_hash_evidence": "config/public_gwas_sources.tsv"
    },
    {
      "kind": "core_source_archive",
      "trait_id": "sleep_efficiency,accel_sleep_duration,sleep_timing",
      "path": "/Volumes/Extreme SSD/Utsav-Research-Archive/Sleep-GWAS/Sep1-local-dependencies/data/raw/.archives/accel_GWAS_all_BOLT.output_HRC.only_plus.metrics_maf0.001_hwep1em12_info0.3.txt.zip.gz",
      "bytes": "",
      "mtime_ns": "",
      "expected_sha256": "60e2ead533383ee66034e3602933e8c9f82b1d47c776528ecfb0a1cdb1b3c45a",
      "actual_sha256": "",
      "status": "MISSING",
      "expected_hash_evidence": "config/public_gwas_sources.tsv"
    },
    {
      "kind": "core_source_archive",
      "trait_id": "breast_cancer",
      "path": "/Volumes/Extreme SSD/Utsav-Research-Archive/Sleep-GWAS/Sep1-local-dependencies/data/raw/.archives/icogs_onco_gwas_meta_overall_breast_cancer_summary_level_statistics.txt",
      "bytes": "",
      "mtime_ns": "",
      "expected_sha256": "4f21dfc33d52753d496cd33756beed6e78e31fd6849fbd5755c406ad2c64e9c8",
      "actual_sha256": "",
      "status": "MISSING",
      "expected_hash_evidence": "config/public_gwas_sources.tsv"
    },
    {
      "kind": "core_source_archive",
      "trait_id": "prostate_cancer",
      "path": "/Volumes/Extreme SSD/Utsav-Research-Archive/Sleep-GWAS/Sep1-local-dependencies/data/raw/.archives/meta_v3_onco_euro_overall_ChrAll_1_release.txt",
      "bytes": "",
      "mtime_ns": "",
      "expected_sha256": "649921348dcc20f22a86e17bf897a2f8ae93139613a393f492d97e006a923390",
      "actual_sha256": "",
      "status": "MISSING",
      "expected_hash_evidence": "config/public_gwas_sources.tsv"
    },
    {
      "kind": "core_source_archive",
      "trait_id": "ovarian_cancer",
      "path": "/Volumes/Extreme SSD/Utsav-Research-Archive/Sleep-GWAS/Sep1-local-dependencies/data/raw/.archives/Phelan_Archive.zip",
      "bytes": "",
      "mtime_ns": "",
      "expected_sha256": "47c48d83ac9d6a072961e25021ce3e900b7dabb8401bb4ac498a9741ac8a06ab",
      "actual_sha256": "",
      "status": "MISSING",
      "expected_hash_evidence": "config/public_gwas_sources.tsv"
    },
    {
      "kind": "core_source_archive",
      "trait_id": "hdl",
      "path": "/Volumes/Extreme SSD/Utsav-Research-Archive/Sleep-GWAS/Sep1-local-dependencies/data/raw/.archives/HDL_INV_EUR_HRC_1KGP3_others_ALL.meta.singlevar.results.gz",
      "bytes": "",
      "mtime_ns": "",
      "expected_sha256": "3711b6c62773e9685eb6a9d9b0ba7bb6551a5dcec5721c0718e7661f891d8055",
      "actual_sha256": "",
      "status": "MISSING",
      "expected_hash_evidence": "config/public_gwas_sources.tsv"
    },
    {
      "kind": "core_source_archive",
      "trait_id": "ldl",
      "path": "/Volumes/Extreme SSD/Utsav-Research-Archive/Sleep-GWAS/Sep1-local-dependencies/data/raw/.archives/LDL_INV_EUR_HRC_1KGP3_others_ALL.meta.singlevar.results.gz",
      "bytes": "",
      "mtime_ns": "",
      "expected_sha256": "36b8d68476a00fcd5a599abe5877bcab3290becd55c3ef64e0dccf9b7c6f65ab",
      "actual_sha256": "",
      "status": "MISSING",
      "expected_hash_evidence": "config/public_gwas_sources.tsv"
    },
    {
      "kind": "core_source_archive",
      "trait_id": "triglycerides",
      "path": "/Volumes/Extreme SSD/Utsav-Research-Archive/Sleep-GWAS/Sep1-local-dependencies/data/raw/.archives/logTG_INV_EUR_HRC_1KGP3_others_ALL.meta.singlevar.results.gz",
      "bytes": "",
      "mtime_ns": "",
      "expected_sha256": "d21a2822bdb6de5735ca741bd98978bcd91048f68087bf60175c671747557492",
      "actual_sha256": "",
      "status": "MISSING",
      "expected_hash_evidence": "config/public_gwas_sources.tsv"
    },
    {
      "kind": "core_source_archive",
      "trait_id": "mdd",
      "path": "/Volumes/Extreme SSD/Utsav-Research-Archive/Sleep-GWAS/Sep1-local-dependencies/data/raw/.archives/PGC_UKB_depression_genome-wide.txt",
      "bytes": "",
      "mtime_ns": "",
      "expected_sha256": "082a1602e405fa5e8b40917521f063444131db68e2f435e7aacfd80084852110",
      "actual_sha256": "",
      "status": "MISSING",
      "expected_hash_evidence": "config/public_gwas_sources.tsv"
    },
    {
      "kind": "core_source_archive",
      "trait_id": "colorectal_cancer",
      "path": "/Volumes/Extreme SSD/Utsav-Research-Archive/Sleep-GWAS/Sep1-local-dependencies/data/raw/.archives/GCST90255675_buildGRCh37.tsv",
      "bytes": "",
      "mtime_ns": "",
      "expected_sha256": "5247a9f31a8291d8e3203fba63cf5d8a64bab2d0b8d30a42a61531f418fb92ed",
      "actual_sha256": "",
      "status": "MISSING",
      "expected_hash_evidence": "config/public_gwas_sources.tsv"
    },
    {
      "kind": "core_source_archive",
      "trait_id": "lung_cancer",
      "path": "/Volumes/Extreme SSD/Utsav-Research-Archive/Sleep-GWAS/Sep1-local-dependencies/data/raw/.archives/GCST004748_buildGRCh37.tsv",
      "bytes": "",
      "mtime_ns": "",
      "expected_sha256": "94f42820e5950dec4a0210547debe06dbedf1b34968dc51a9f90a2f0cce34105",
      "actual_sha256": "",
      "status": "MISSING",
      "expected_hash_evidence": "config/public_gwas_sources.tsv"
    },
    {
      "kind": "core_source_archive",
      "trait_id": "parkinson",
      "path": "/Volumes/Extreme SSD/Utsav-Research-Archive/Sleep-GWAS/Sep1-local-dependencies/data/raw/.archives/GCST009325.tsv",
      "bytes": "",
      "mtime_ns": "",
      "expected_sha256": "409b9151871aafb5f6fe9acf0287fe9f5df448eda255d06b9d55b81ac8e68eeb",
      "actual_sha256": "",
      "status": "MISSING",
      "expected_hash_evidence": "config/public_gwas_sources.tsv"
    }
  ],
  "core_munged_present": 45,
  "source_input_files_modified": false
}
