{
  "classification": "POST_RESULT_SEPARATE_AUTOMATED_NATIVE_FINE_MAPPING_REVIEW",
  "frozen_protocol_sha256": "3b16a0c15cbc89004e667a9b78be14e7b68a98b87d7cd0f14ca5c9c73c3b84d6",
  "native_fits_reviewed_from_RDS": 8,
  "credible_sets_reviewed": 8,
  "signal_pair_posterior_conditions_reviewed": 12,
  "full_to_shared_signed_LD_max_error": 0.0,
  "max_configuration_posterior_error": 3.4416913763379853e-15,
  "max_prior_reweighting_error": 1.887379141862766e-15,
  "minimum_conditional_CS_coverage": 0.950007773282068,
  "minimum_CS_purity": 0.646449155326643,
  "max_PIP_error": 5.594483210025201e-16,
  "max_CS_alpha_error": 4.71844785465692e-16,
  "max_purity_error": 6.772360450213451e-15,
  "max_ELBO_roundtrip_error": 4.94765117764473e-10,
  "minimum_ELBO_step": 0.0,
  "reference_samples": 503,
  "shared_variants": 2185,
  "primary_H4": 0.991568229456347,
  "primary_low_prior_H4": 0.921629512291253,
  "independent_two_trait_replications": 0,
  "new_GWAS_fits_run_by_reviewer": 0
}
