{
  "classification": "SEPARATE_POST_RESULT_AUTOMATED_ADVERSARIAL_REVIEW",
  "global_contrasts_reviewed": 72,
  "global_unique_marginal_rows": 48,
  "global_admitted": 72,
  "global_conservative_differences": 16,
  "max_global_numeric_error": 3.3306690738754696e-16,
  "molecular_conditions_reviewed": 60,
  "max_molecular_pp_error": 3.4416913763379853e-15,
  "max_molecular_H4": 0.6175746924811718,
  "molecular_H4_ge08": 0,
  "unchanged_molecular_math_AST_functions": [
    "estimate_sdy",
    "logabf",
    "posterior"
  ],
  "independent_variance_cases": 2,
  "max_dense_quadratic_form_relative_error": 6.53544862163735e-16,
  "max_analytic_vs_parent_MC_in_MCSE": 0.5396356757392881,
  "not_independent_human_validation": true,
  "not_independent_cohort_replication": true
}
