*********************************************************************
* LD Score Regression (LDSC)
* Version 3.0.1
* (C) 2014-2019 Brendan Bulik-Sullivan and Hilary Finucane
* Broad Institute of MIT and Harvard / MIT Department of Mathematics
* GNU General Public License v3
*********************************************************************
Call: 
./ldsc.py \
--out frailty_paper/results/frailty_v1/logs_rg_sleep_fi/pair_sleepdur__frailty/rg_sleepdur__frailty \
--rg /Volumes/Extreme SSD/sleep-gwas-atlas-frailty-v1/analysis-workspace/frailty_v1/munged/sleepdur.sumstats.gz,/Volumes/Extreme SSD/sleep-gwas-atlas-frailty-v1/analysis-workspace/frailty_v1/munged/frailty.sumstats.gz \
--ref-ld-chr /Volumes/Extreme SSD/sleep-gwas-atlas-frailty-v1/analysis-workspace/reference/eur_w_ld_chr/ \
--w-ld-chr /Volumes/Extreme SSD/sleep-gwas-atlas-frailty-v1/analysis-workspace/reference/eur_w_ld_chr/ 

Beginning analysis at Wed Sep 23 03:50:13 2026
Reading summary statistics from /Volumes/Extreme SSD/sleep-gwas-atlas-frailty-v1/analysis-workspace/frailty_v1/munged/sleepdur.sumstats.gz ...
Read summary statistics for 1179618 SNPs.
Reading reference panel LD Score from /Volumes/Extreme SSD/sleep-gwas-atlas-frailty-v1/analysis-workspace/reference/eur_w_ld_chr/[1-22] ... (ldscore_fromlist)
Read reference panel LD Scores for 1290028 SNPs.
Removing partitioned LD Scores with zero variance.
Reading regression weight LD Score from /Volumes/Extreme SSD/sleep-gwas-atlas-frailty-v1/analysis-workspace/reference/eur_w_ld_chr/[1-22] ... (ldscore_fromlist)
Read regression weight LD Scores for 1290028 SNPs.
After merging with reference panel LD, 1175819 SNPs remain.
After merging with regression SNP LD, 1175819 SNPs remain.
Computing rg for phenotype 2/2
Reading summary statistics from /Volumes/Extreme SSD/sleep-gwas-atlas-frailty-v1/analysis-workspace/frailty_v1/munged/frailty.sumstats.gz ...
Read summary statistics for 1217311 SNPs.
After merging with summary statistics, 1175819 SNPs remain.
1166548 SNPs with valid alleles.

Heritability of phenotype 1
---------------------------
Total Observed scale h2: 0.0676 (0.003)
Lambda GC: 1.4926
Mean Chi^2: 1.6218
Intercept: 1.0303 (0.01)
Ratio: 0.0488 (0.0161)

Heritability of phenotype 2/2
-----------------------------
Total Observed scale h2: 0.1094 (0.005)
Lambda GC: 1.3238
Mean Chi^2: 1.3985
Intercept: 1.0199 (0.0086)
Ratio: 0.0499 (0.0216)

Genetic Covariance
------------------
Total Observed scale gencov: -0.0191 (0.0025)
Mean z1*z2: -0.1509
Intercept: -0.05 (0.0064)

Genetic Correlation
-------------------
Genetic Correlation: -0.222 (0.0275)
Z-score: -8.0737
P: 6.8172e-16


Summary of Genetic Correlation Results
                                                                                                        p1                                                                                                        p2      rg     se       z      p  h2_obs  h2_obs_se  h2_int  h2_int_se  gcov_int  gcov_int_se
/Volumes/Extreme SSD/sleep-gwas-atlas-frailty-v1/analysis-workspace/frailty_v1/munged/sleepdur.sumstats.gz /Volumes/Extreme SSD/sleep-gwas-atlas-frailty-v1/analysis-workspace/frailty_v1/munged/frailty.sumstats.gz -0.2220 0.0275 -8.0737 0.0000  0.1094     0.0050  1.0199     0.0086   -0.0500       0.0064

Analysis finished at Wed Sep 23 03:50:25 2026
Total time elapsed: 12.38s
