*********************************************************************
* LD Score Regression (LDSC)
* Version 3.0.1
* (C) 2014-2019 Brendan Bulik-Sullivan and Hilary Finucane
* Broad Institute of MIT and Harvard / MIT Department of Mathematics
* GNU General Public License v3
*********************************************************************
Call: 
./ldsc.py \
--out frailty_paper/results/frailty_v1/logs_rg_sleep_fi/pair_chronotype__frailty/rg_chronotype__frailty \
--rg /Volumes/Extreme SSD/sleep-gwas-atlas-frailty-v1/analysis-workspace/frailty_v1/munged/chronotype.sumstats.gz,/Volumes/Extreme SSD/sleep-gwas-atlas-frailty-v1/analysis-workspace/frailty_v1/munged/frailty.sumstats.gz \
--ref-ld-chr /Volumes/Extreme SSD/sleep-gwas-atlas-frailty-v1/analysis-workspace/reference/eur_w_ld_chr/ \
--w-ld-chr /Volumes/Extreme SSD/sleep-gwas-atlas-frailty-v1/analysis-workspace/reference/eur_w_ld_chr/ 

Beginning analysis at Wed Sep 23 03:50:51 2026
Reading summary statistics from /Volumes/Extreme SSD/sleep-gwas-atlas-frailty-v1/analysis-workspace/frailty_v1/munged/chronotype.sumstats.gz ...
Read summary statistics for 1176755 SNPs.
Reading reference panel LD Score from /Volumes/Extreme SSD/sleep-gwas-atlas-frailty-v1/analysis-workspace/reference/eur_w_ld_chr/[1-22] ... (ldscore_fromlist)
Read reference panel LD Scores for 1290028 SNPs.
Removing partitioned LD Scores with zero variance.
Reading regression weight LD Score from /Volumes/Extreme SSD/sleep-gwas-atlas-frailty-v1/analysis-workspace/reference/eur_w_ld_chr/[1-22] ... (ldscore_fromlist)
Read regression weight LD Scores for 1290028 SNPs.
After merging with reference panel LD, 1172987 SNPs remain.
After merging with regression SNP LD, 1172987 SNPs remain.
Computing rg for phenotype 2/2
Reading summary statistics from /Volumes/Extreme SSD/sleep-gwas-atlas-frailty-v1/analysis-workspace/frailty_v1/munged/frailty.sumstats.gz ...
Read summary statistics for 1217311 SNPs.
After merging with summary statistics, 1172987 SNPs remain.
1166545 SNPs with valid alleles.

Heritability of phenotype 1
---------------------------
Total Observed scale h2: 0.11 (0.0039)
Lambda GC: 1.6259
Mean Chi^2: 1.8596
Intercept: 1.0384 (0.0129)
Ratio: 0.0447 (0.015)

Heritability of phenotype 2/2
-----------------------------
Total Observed scale h2: 0.1094 (0.005)
Lambda GC: 1.3238
Mean Chi^2: 1.3985
Intercept: 1.0199 (0.0086)
Ratio: 0.0499 (0.0216)

Genetic Covariance
------------------
Total Observed scale gencov: -0.0041 (0.0028)
Mean z1*z2: -0.0787
Intercept: -0.0579 (0.0074)

Genetic Correlation
-------------------
Genetic Correlation: -0.0378 (0.0253)
Z-score: -1.4921
P: 0.1357


Summary of Genetic Correlation Results
                                                                                                          p1                                                                                                        p2      rg     se       z      p  h2_obs  h2_obs_se  h2_int  h2_int_se  gcov_int  gcov_int_se
/Volumes/Extreme SSD/sleep-gwas-atlas-frailty-v1/analysis-workspace/frailty_v1/munged/chronotype.sumstats.gz /Volumes/Extreme SSD/sleep-gwas-atlas-frailty-v1/analysis-workspace/frailty_v1/munged/frailty.sumstats.gz -0.0378 0.0253 -1.4921 0.1357  0.1094     0.0050  1.0199     0.0086   -0.0579       0.0074

Analysis finished at Wed Sep 23 03:51:01 2026
Total time elapsed: 10.01s
