This is coloc version 5.2.3
HINT: For large R or large XtX, consider installing the Rfast package for better performance.
                    model    trait                   region n_snps  L
1 PRIMARY_L10_MEDIAN_NEFF insomnia chr5:103447968-104447968   2185 10
                            n_mode n_effective_if_supplied converged
1 MEDIAN_NEFF_BINARY_APPROXIMATION                312492.7      TRUE
  n_iterations min_ELBO_change n_credible_sets   max_PIP
1            2    0.0003468925               1 0.1373007
                               status warnings independent_replication
1 EXPLORATORY_REFERENCE_QUALIFIED_FIT                            FALSE
HINT: For large R or large XtX, consider installing the Rfast package for better performance.
                    model trait                   region n_snps  L
1 PRIMARY_L10_MEDIAN_NEFF  adhd chr5:103447968-104447968   2185 10
                            n_mode n_effective_if_supplied converged
1 MEDIAN_NEFF_BINARY_APPROXIMATION                128213.8      TRUE
  n_iterations min_ELBO_change n_credible_sets   max_PIP
1            6    0.0006490298               1 0.2947219
                               status warnings independent_replication
1 EXPLORATORY_REFERENCE_QUALIFIED_FIT                            FALSE
                    model    p1    p2   p12                         status
1 PRIMARY_L10_MEDIAN_NEFF 1e-04 1e-04 1e-05 EXPLORATORY_NATIVE_COLOC_SUSIE
  nsnps            hit1            hit2    PP.H0.abf    PP.H1.abf    PP.H2.abf
1  2185 5:103947968:T:C 5:103964585:G:A 5.457599e-13 2.471383e-09 2.080512e-06
    PP.H3.abf PP.H4.abf idx1 idx2 H4_over_H3_plus_H4 descriptive_support
1 0.008429688 0.9915682    1    1          0.9915703                TRUE
  independent_replication
1                   FALSE
                    model    p1    p2   p12                         status
1 PRIMARY_L10_MEDIAN_NEFF 1e-04 1e-04 1e-06 EXPLORATORY_NATIVE_COLOC_SUSIE
  nsnps            hit1            hit2    PP.H0.abf    PP.H1.abf    PP.H2.abf
1  2185 5:103947968:T:C 5:103964585:G:A 5.072656e-12 2.297068e-08 1.933767e-05
   PP.H3.abf PP.H4.abf idx1 idx2 H4_over_H3_plus_H4 descriptive_support
1 0.07835113 0.9216295    1    1          0.9216474                TRUE
  independent_replication
1                   FALSE
                    model    p1    p2   p12                         status
1 PRIMARY_L10_MEDIAN_NEFF 1e-04 1e-04 5e-05 EXPLORATORY_NATIVE_COLOC_SUSIE
  nsnps            hit1            hit2    PP.H0.abf    PP.H1.abf    PP.H2.abf
1  2185 5:103947968:T:C 5:103964585:G:A 1.098933e-13 4.976334e-10 4.189283e-07
    PP.H3.abf PP.H4.abf idx1 idx2 H4_over_H3_plus_H4 descriptive_support
1 0.001697387 0.9983022    1    1          0.9983026                TRUE
  independent_replication
1                   FALSE
HINT: For large R or large XtX, consider installing the Rfast package for better performance.
                       model    trait                   region n_snps L
1 SENSITIVITY_L1_MEDIAN_NEFF insomnia chr5:103447968-104447968   2185 1
                            n_mode n_effective_if_supplied converged
1 MEDIAN_NEFF_BINARY_APPROXIMATION                312492.7      TRUE
  n_iterations min_ELBO_change n_credible_sets   max_PIP
1            2               0               1 0.1350583
                               status warnings independent_replication
1 EXPLORATORY_REFERENCE_QUALIFIED_FIT                            FALSE
HINT: For large R or large XtX, consider installing the Rfast package for better performance.
                       model trait                   region n_snps L
1 SENSITIVITY_L1_MEDIAN_NEFF  adhd chr5:103447968-104447968   2185 1
                            n_mode n_effective_if_supplied converged
1 MEDIAN_NEFF_BINARY_APPROXIMATION                128213.8      TRUE
  n_iterations min_ELBO_change n_credible_sets   max_PIP
1            2               0               1 0.2803736
                               status warnings independent_replication
1 EXPLORATORY_REFERENCE_QUALIFIED_FIT                            FALSE
                       model    p1    p2   p12                         status
1 SENSITIVITY_L1_MEDIAN_NEFF 1e-04 1e-04 1e-05 EXPLORATORY_NATIVE_COLOC_SUSIE
  nsnps            hit1            hit2    PP.H0.abf    PP.H1.abf    PP.H2.abf
1  2185 5:103947968:T:C 5:103964585:G:A 1.555899e-13 7.631354e-10 1.971371e-06
   PP.H3.abf PP.H4.abf idx1 idx2 H4_over_H3_plus_H4 descriptive_support
1 0.00867784 0.9913202    1    1          0.9913221                TRUE
  independent_replication
1                   FALSE
                       model    p1    p2   p12                         status
1 SENSITIVITY_L1_MEDIAN_NEFF 1e-04 1e-04 1e-06 EXPLORATORY_NATIVE_COLOC_SUSIE
  nsnps            hit1            hit2    PP.H0.abf    PP.H1.abf   PP.H2.abf
1  2185 5:103947968:T:C 5:103964585:G:A 1.443161e-12 7.078402e-09 1.82853e-05
   PP.H3.abf PP.H4.abf idx1 idx2 H4_over_H3_plus_H4 descriptive_support
1 0.08049061 0.9194911    1    1          0.9195079                TRUE
  independent_replication
1                   FALSE
                       model    p1    p2   p12                         status
1 SENSITIVITY_L1_MEDIAN_NEFF 1e-04 1e-04 5e-05 EXPLORATORY_NATIVE_COLOC_SUSIE
  nsnps            hit1            hit2    PP.H0.abf    PP.H1.abf    PP.H2.abf
1  2185 5:103947968:T:C 5:103964585:G:A 3.133556e-14 1.536943e-10 3.970312e-07
    PP.H3.abf PP.H4.abf idx1 idx2 H4_over_H3_plus_H4 descriptive_support
1 0.001747704 0.9982519    1    1          0.9982523                TRUE
  independent_replication
1                   FALSE
HINT: For large R or large XtX, consider installing the Rfast package for better performance.
                       model    trait                   region n_snps L
1 SENSITIVITY_L5_MEDIAN_NEFF insomnia chr5:103447968-104447968   2185 5
                            n_mode n_effective_if_supplied converged
1 MEDIAN_NEFF_BINARY_APPROXIMATION                312492.7      TRUE
  n_iterations min_ELBO_change n_credible_sets   max_PIP
1            2    0.0003256627               1 0.1353572
                               status warnings independent_replication
1 EXPLORATORY_REFERENCE_QUALIFIED_FIT                            FALSE
HINT: For large R or large XtX, consider installing the Rfast package for better performance.
                       model trait                   region n_snps L
1 SENSITIVITY_L5_MEDIAN_NEFF  adhd chr5:103447968-104447968   2185 5
                            n_mode n_effective_if_supplied converged
1 MEDIAN_NEFF_BINARY_APPROXIMATION                128213.8      TRUE
  n_iterations min_ELBO_change n_credible_sets   max_PIP
1            5    0.0003036605               1 0.2918624
                               status warnings independent_replication
1 EXPLORATORY_REFERENCE_QUALIFIED_FIT                            FALSE
                       model    p1    p2   p12                         status
1 SENSITIVITY_L5_MEDIAN_NEFF 1e-04 1e-04 1e-05 EXPLORATORY_NATIVE_COLOC_SUSIE
  nsnps            hit1            hit2   PP.H0.abf    PP.H1.abf    PP.H2.abf
1  2185 5:103947968:T:C 5:103964585:G:A 4.76824e-13 2.163784e-09 2.083403e-06
    PP.H3.abf PP.H4.abf idx1 idx2 H4_over_H3_plus_H4 descriptive_support
1 0.008462762 0.9915352    1    1          0.9915372                TRUE
  independent_replication
1                   FALSE
                       model    p1    p2   p12                         status
1 SENSITIVITY_L5_MEDIAN_NEFF 1e-04 1e-04 1e-06 EXPLORATORY_NATIVE_COLOC_SUSIE
  nsnps            hit1            hit2    PP.H0.abf    PP.H1.abf    PP.H2.abf
1  2185 5:103947968:T:C 5:103964585:G:A 4.430694e-12 2.010609e-08 1.935918e-05
   PP.H3.abf PP.H4.abf idx1 idx2 H4_over_H3_plus_H4 descriptive_support
1 0.07863679 0.9213438    1    1          0.9213617                TRUE
  independent_replication
1                   FALSE
                       model    p1    p2   p12                         status
1 SENSITIVITY_L5_MEDIAN_NEFF 1e-04 1e-04 5e-05 EXPLORATORY_NATIVE_COLOC_SUSIE
  nsnps            hit1            hit2    PP.H0.abf    PP.H1.abf    PP.H2.abf
1  2185 5:103947968:T:C 5:103964585:G:A 9.601501e-14 4.357075e-10 4.195216e-07
    PP.H3.abf PP.H4.abf idx1 idx2 H4_over_H3_plus_H4 descriptive_support
1 0.001704092 0.9982955    1    1          0.9982959                TRUE
  independent_replication
1                   FALSE
WARNING: Providing the sample size (n), or even a rough estimate of n, is highly recommended. Without n, the implicit assumption is n is large (Inf) and the effect sizes are small (close to zero).
HINT: For large R or large XtX, consider installing the Rfast package for better performance.
                       model    trait                   region n_snps  L
1 SENSITIVITY_L10_N_INFINITY insomnia chr5:103447968-104447968   2185 10
                           n_mode n_effective_if_supplied converged
1 N_INFINITY_Z_ONLY_APPROXIMATION                      NA      TRUE
  n_iterations min_ELBO_change n_credible_sets   max_PIP
1            2    0.0003460093               1 0.1373365
                               status warnings independent_replication
1 EXPLORATORY_REFERENCE_QUALIFIED_FIT                            FALSE
WARNING: Providing the sample size (n), or even a rough estimate of n, is highly recommended. Without n, the implicit assumption is n is large (Inf) and the effect sizes are small (close to zero).
HINT: For large R or large XtX, consider installing the Rfast package for better performance.
                       model trait                   region n_snps  L
1 SENSITIVITY_L10_N_INFINITY  adhd chr5:103447968-104447968   2185 10
                           n_mode n_effective_if_supplied converged
1 N_INFINITY_Z_ONLY_APPROXIMATION                      NA      TRUE
  n_iterations min_ELBO_change n_credible_sets  max_PIP
1            6    0.0006487762               1 0.294862
                               status warnings independent_replication
1 EXPLORATORY_REFERENCE_QUALIFIED_FIT                            FALSE
                       model    p1    p2   p12                         status
1 SENSITIVITY_L10_N_INFINITY 1e-04 1e-04 1e-05 EXPLORATORY_NATIVE_COLOC_SUSIE
  nsnps            hit1            hit2   PP.H0.abf    PP.H1.abf    PP.H2.abf
1  2185 5:103947968:T:C 5:103964585:G:A 5.38207e-13 2.441577e-09 2.075588e-06
    PP.H3.abf PP.H4.abf idx1 idx2 H4_over_H3_plus_H4 descriptive_support
1 0.008424334 0.9915736    1    1          0.9915756                TRUE
  independent_replication
1                   FALSE
                       model    p1    p2   p12                         status
1 SENSITIVITY_L10_N_INFINITY 1e-04 1e-04 1e-06 EXPLORATORY_NATIVE_COLOC_SUSIE
  nsnps            hit1            hit2    PP.H0.abf    PP.H1.abf    PP.H2.abf
1  2185 5:103947968:T:C 5:103964585:G:A 5.002678e-12 2.269466e-08 1.929276e-05
   PP.H3.abf PP.H4.abf idx1 idx2 H4_over_H3_plus_H4 descriptive_support
1 0.07830488 0.9216758    1    1          0.9216936                TRUE
  independent_replication
1                   FALSE
                       model    p1    p2   p12                         status
1 SENSITIVITY_L10_N_INFINITY 1e-04 1e-04 5e-05 EXPLORATORY_NATIVE_COLOC_SUSIE
  nsnps            hit1            hit2    PP.H0.abf    PP.H1.abf    PP.H2.abf
1  2185 5:103947968:T:C 5:103964585:G:A 1.083719e-13 4.916295e-10 4.179349e-07
    PP.H3.abf PP.H4.abf idx1 idx2 H4_over_H3_plus_H4 descriptive_support
1 0.001696302 0.9983033    1    1          0.9983037                TRUE
  independent_replication
1                   FALSE
PP.H0.abf PP.H1.abf PP.H2.abf PP.H3.abf PP.H4.abf 
 1.04e-12  1.29e-09  7.36e-06  8.12e-03  9.92e-01 
[1] "PP abf for shared variant: 99.2%"
PP.H0.abf PP.H1.abf PP.H2.abf PP.H3.abf PP.H4.abf 
 9.68e-12  1.20e-08  6.86e-05  7.57e-02  9.24e-01 
[1] "PP abf for shared variant: 92.4%"
PP.H0.abf PP.H1.abf PP.H2.abf PP.H3.abf PP.H4.abf 
 2.09e-13  2.59e-10  1.48e-06  1.64e-03  9.98e-01 
[1] "PP abf for shared variant: 99.8%"
COMPLETED_FIXED_NATIVE_FITS  8  COLOC_INVOCATIONS  12  ABF_INVOCATIONS  3 
