WARNING: Providing the sample size (n), or even a rough estimate of n, is highly recommended. Without n, the implicit assumption is n is large (Inf) and the effect sizes are small (close to zero).
DIAGNOSTIC_COLUMNS  z,condmean,condvar,z_std_diff,logLR 
     trait                   region n_shared_snps n_effective_median s_null_mle
1 insomnia chr5:103447968-104447968          2185           312492.7 0.01408609
  s_null_mle_N_Inf n_allele_switch_flags max_logLR
1       0.01408596                     0  5.534921
                 consistency_status                         criteria
1 PASS_OPERATIONAL_CONSISTENCY_GATE s<=.10_AND_ZERO_logLRgt2_absZgt2
                                              method independent_replication
1 susieR0.14.2_native_estimate_s_rss_and_kriging_rss                   FALSE
WARNING: Providing the sample size (n), or even a rough estimate of n, is highly recommended. Without n, the implicit assumption is n is large (Inf) and the effect sizes are small (close to zero).
DIAGNOSTIC_COLUMNS  z,condmean,condvar,z_std_diff,logLR 
  trait                   region n_shared_snps n_effective_median  s_null_mle
1  adhd chr5:103447968-104447968          2185           128213.8 0.009172191
  s_null_mle_N_Inf n_allele_switch_flags max_logLR
1      0.009172352                     0  4.450888
                 consistency_status                         criteria
1 PASS_OPERATIONAL_CONSISTENCY_GATE s<=.10_AND_ZERO_logLRgt2_absZgt2
                                              method independent_replication
1 susieR0.14.2_native_estimate_s_rss_and_kriging_rss                   FALSE
Warning message:
`aes_string()` was deprecated in ggplot2 3.0.0.
ℹ Please use tidy evaluation idioms with `aes()`.
ℹ See also `vignette("ggplot2-in-packages")` for more information.
ℹ The deprecated feature was likely used in the susieR package.
  Please report the issue at <https://github.com/stephenslab/susieR/issues>. 
Error: unexpected 'else' in "else"
Execution halted
