*********************************************************************
* LD Score Regression (LDSC)
* Version 3.0.1
* (C) 2014-2019 Brendan Bulik-Sullivan and Hilary Finucane
* Broad Institute of MIT and Harvard / MIT Department of Mathematics
* GNU General Public License v3
*********************************************************************
Call: 
./ldsc.py \
--out frailty_paper/results/frailty_v1/logs_rg_sleep_fi/pair_sleep_apnea__frailty/rg_sleep_apnea__frailty \
--rg /Volumes/Extreme SSD/sleep-gwas-atlas-frailty-v1/analysis-workspace/frailty_v1/munged/sleep_apnea.sumstats.gz,/Volumes/Extreme SSD/sleep-gwas-atlas-frailty-v1/analysis-workspace/frailty_v1/munged/frailty.sumstats.gz \
--ref-ld-chr /Volumes/Extreme SSD/sleep-gwas-atlas-frailty-v1/analysis-workspace/reference/eur_w_ld_chr/ \
--w-ld-chr /Volumes/Extreme SSD/sleep-gwas-atlas-frailty-v1/analysis-workspace/reference/eur_w_ld_chr/ 

Beginning analysis at Wed Sep 23 03:51:41 2026
Reading summary statistics from /Volumes/Extreme SSD/sleep-gwas-atlas-frailty-v1/analysis-workspace/frailty_v1/munged/sleep_apnea.sumstats.gz ...
Read summary statistics for 1159122 SNPs.
Reading reference panel LD Score from /Volumes/Extreme SSD/sleep-gwas-atlas-frailty-v1/analysis-workspace/reference/eur_w_ld_chr/[1-22] ... (ldscore_fromlist)
Read reference panel LD Scores for 1290028 SNPs.
Removing partitioned LD Scores with zero variance.
Reading regression weight LD Score from /Volumes/Extreme SSD/sleep-gwas-atlas-frailty-v1/analysis-workspace/reference/eur_w_ld_chr/[1-22] ... (ldscore_fromlist)
Read regression weight LD Scores for 1290028 SNPs.
After merging with reference panel LD, 1154434 SNPs remain.
After merging with regression SNP LD, 1154434 SNPs remain.
Computing rg for phenotype 2/2
Reading summary statistics from /Volumes/Extreme SSD/sleep-gwas-atlas-frailty-v1/analysis-workspace/frailty_v1/munged/frailty.sumstats.gz ...
Read summary statistics for 1217311 SNPs.
After merging with summary statistics, 1154434 SNPs remain.
1143033 SNPs with valid alleles.

Heritability of phenotype 1
---------------------------
Total Observed scale h2: 0.1151 (0.0069)
Lambda GC: 1.3894
Mean Chi^2: 1.4338
Intercept: 1.1142 (0.0104)
Ratio: 0.2633 (0.0239)

Heritability of phenotype 2/2
-----------------------------
Total Observed scale h2: 0.1092 (0.005)
Lambda GC: 1.3272
Mean Chi^2: 1.4014
Intercept: 1.0215 (0.0085)
Ratio: 0.0536 (0.0213)

Genetic Covariance
------------------
Total Observed scale gencov: 0.0525 (0.0039)
Mean z1*z2: 0.155
Intercept: -0.0026 (0.0062)

Genetic Correlation
-------------------
Genetic Correlation: 0.4687 (0.0321)
Z-score: 14.5847
P: 3.5161e-48


Summary of Genetic Correlation Results
                                                                                                           p1                                                                                                        p2     rg     se       z      p  h2_obs  h2_obs_se  h2_int  h2_int_se  gcov_int  gcov_int_se
/Volumes/Extreme SSD/sleep-gwas-atlas-frailty-v1/analysis-workspace/frailty_v1/munged/sleep_apnea.sumstats.gz /Volumes/Extreme SSD/sleep-gwas-atlas-frailty-v1/analysis-workspace/frailty_v1/munged/frailty.sumstats.gz 0.4687 0.0321 14.5847 0.0000  0.1092     0.0050  1.0215     0.0085   -0.0026       0.0062

Analysis finished at Wed Sep 23 03:51:52 2026
Total time elapsed: 11.22s
