*********************************************************************
* LD Score Regression (LDSC)
* Version 3.0.1
* (C) 2014-2019 Brendan Bulik-Sullivan and Hilary Finucane
* Broad Institute of MIT and Harvard / MIT Department of Mathematics
* GNU General Public License v3
*********************************************************************
Call: 
./ldsc.py \
--out /Volumes/Extreme SSD/sleep-gwas-atlas-frailty-v1/analysis-workspace/frailty_v1/verification_logs/h2_frailty \
--h2 /Volumes/Extreme SSD/sleep-gwas-atlas-frailty-v1/analysis-workspace/frailty_v1/munged/frailty.sumstats.gz \
--ref-ld-chr /Volumes/Extreme SSD/sleep-gwas-atlas-frailty-v1/analysis-workspace/reference/eur_w_ld_chr/ \
--w-ld-chr /Volumes/Extreme SSD/sleep-gwas-atlas-frailty-v1/analysis-workspace/reference/eur_w_ld_chr/ 

Beginning analysis at Wed Sep 23 01:17:03 2026
Reading summary statistics from /Volumes/Extreme SSD/sleep-gwas-atlas-frailty-v1/analysis-workspace/frailty_v1/munged/frailty.sumstats.gz ...
Read summary statistics for 1169496 SNPs.
Reading reference panel LD Score from /Volumes/Extreme SSD/sleep-gwas-atlas-frailty-v1/analysis-workspace/reference/eur_w_ld_chr/[1-22] ... (ldscore_fromlist)
Read reference panel LD Scores for 1290028 SNPs.
Removing partitioned LD Scores with zero variance.
Reading regression weight LD Score from /Volumes/Extreme SSD/sleep-gwas-atlas-frailty-v1/analysis-workspace/reference/eur_w_ld_chr/[1-22] ... (ldscore_fromlist)
Read regression weight LD Scores for 1290028 SNPs.
After merging with reference panel LD, 1167050 SNPs remain.
After merging with regression SNP LD, 1167050 SNPs remain.
Using two-step estimator with cutoff at 30.
Total Observed scale h2: 0.1093 (0.005)
Lambda GC: 1.3238
Mean Chi^2: 1.3985
Intercept: 1.0203 (0.0086)
Ratio: 0.0509 (0.0215)
Analysis finished at Wed Sep 23 01:17:10 2026
Total time elapsed: 7.05s
