*********************************************************************
* LD Score Regression (LDSC)
* Version 3.0.1
* (C) 2014-2019 Brendan Bulik-Sullivan and Hilary Finucane
* Broad Institute of MIT and Harvard / MIT Department of Mathematics
* GNU General Public License v3
*********************************************************************
Call: 
./ldsc.py \
--out frailty_paper/results/frailty_v1/logs_rg_sleep_fi/pair_sleep_timing__frailty/rg_sleep_timing__frailty \
--rg /Volumes/Extreme SSD/sleep-gwas-atlas-frailty-v1/analysis-workspace/frailty_v1/munged/sleep_timing.sumstats.gz,/Volumes/Extreme SSD/sleep-gwas-atlas-frailty-v1/analysis-workspace/frailty_v1/munged/frailty.sumstats.gz \
--ref-ld-chr /Volumes/Extreme SSD/sleep-gwas-atlas-frailty-v1/analysis-workspace/reference/eur_w_ld_chr/ \
--w-ld-chr /Volumes/Extreme SSD/sleep-gwas-atlas-frailty-v1/analysis-workspace/reference/eur_w_ld_chr/ 

Beginning analysis at Wed Sep 23 03:52:19 2026
Reading summary statistics from /Volumes/Extreme SSD/sleep-gwas-atlas-frailty-v1/analysis-workspace/frailty_v1/munged/sleep_timing.sumstats.gz ...
Read summary statistics for 1176759 SNPs.
Reading reference panel LD Score from /Volumes/Extreme SSD/sleep-gwas-atlas-frailty-v1/analysis-workspace/reference/eur_w_ld_chr/[1-22] ... (ldscore_fromlist)
Read reference panel LD Scores for 1290028 SNPs.
Removing partitioned LD Scores with zero variance.
Reading regression weight LD Score from /Volumes/Extreme SSD/sleep-gwas-atlas-frailty-v1/analysis-workspace/reference/eur_w_ld_chr/[1-22] ... (ldscore_fromlist)
Read regression weight LD Scores for 1290028 SNPs.
After merging with reference panel LD, 1173004 SNPs remain.
After merging with regression SNP LD, 1173004 SNPs remain.
Computing rg for phenotype 2/2
Reading summary statistics from /Volumes/Extreme SSD/sleep-gwas-atlas-frailty-v1/analysis-workspace/frailty_v1/munged/frailty.sumstats.gz ...
Read summary statistics for 1217311 SNPs.
After merging with summary statistics, 1173004 SNPs remain.
1166540 SNPs with valid alleles.

Heritability of phenotype 1
---------------------------
Total Observed scale h2: 0.0705 (0.0072)
Lambda GC: 1.1459
Mean Chi^2: 1.1341
Intercept: 1.0167 (0.0073)
Ratio: 0.1243 (0.0542)

Heritability of phenotype 2/2
-----------------------------
Total Observed scale h2: 0.1094 (0.005)
Lambda GC: 1.3238
Mean Chi^2: 1.3985
Intercept: 1.0199 (0.0087)
Ratio: 0.05 (0.0217)

Genetic Covariance
------------------
Total Observed scale gencov: 0.0059 (0.0036)
Mean z1*z2: 0.0188
Intercept: 0.006 (0.0049)

Genetic Correlation
-------------------
Genetic Correlation: 0.0668 (0.0411)
Z-score: 1.6264
P: 0.1039


Summary of Genetic Correlation Results
                                                                                                            p1                                                                                                        p2     rg     se      z      p  h2_obs  h2_obs_se  h2_int  h2_int_se  gcov_int  gcov_int_se
/Volumes/Extreme SSD/sleep-gwas-atlas-frailty-v1/analysis-workspace/frailty_v1/munged/sleep_timing.sumstats.gz /Volumes/Extreme SSD/sleep-gwas-atlas-frailty-v1/analysis-workspace/frailty_v1/munged/frailty.sumstats.gz 0.0668 0.0411 1.6264 0.1039  0.1094     0.0050  1.0199     0.0087    0.0060       0.0049

Analysis finished at Wed Sep 23 03:52:31 2026
Total time elapsed: 11.33s
