*********************************************************************
* LD Score Regression (LDSC)
* Version 3.0.1
* (C) 2014-2019 Brendan Bulik-Sullivan and Hilary Finucane
* Broad Institute of MIT and Harvard / MIT Department of Mathematics
* GNU General Public License v3
*********************************************************************
Call: 
./ldsc.py \
--out frailty_paper/results/frailty_v1/logs_rg_sleep_fi/pair_insomnia__frailty/rg_insomnia__frailty \
--rg /Volumes/Extreme SSD/sleep-gwas-atlas-frailty-v1/analysis-workspace/frailty_v1/munged/insomnia.sumstats.gz,/Volumes/Extreme SSD/sleep-gwas-atlas-frailty-v1/analysis-workspace/frailty_v1/munged/frailty.sumstats.gz \
--ref-ld-chr /Volumes/Extreme SSD/sleep-gwas-atlas-frailty-v1/analysis-workspace/reference/eur_w_ld_chr/ \
--w-ld-chr /Volumes/Extreme SSD/sleep-gwas-atlas-frailty-v1/analysis-workspace/reference/eur_w_ld_chr/ 

Beginning analysis at Wed Sep 23 03:47:41 2026
Reading summary statistics from /Volumes/Extreme SSD/sleep-gwas-atlas-frailty-v1/analysis-workspace/frailty_v1/munged/insomnia.sumstats.gz ...
Read summary statistics for 1133335 SNPs.
Reading reference panel LD Score from /Volumes/Extreme SSD/sleep-gwas-atlas-frailty-v1/analysis-workspace/reference/eur_w_ld_chr/[1-22] ... (ldscore_fromlist)
Read reference panel LD Scores for 1290028 SNPs.
Removing partitioned LD Scores with zero variance.
Reading regression weight LD Score from /Volumes/Extreme SSD/sleep-gwas-atlas-frailty-v1/analysis-workspace/reference/eur_w_ld_chr/[1-22] ... (ldscore_fromlist)
Read regression weight LD Scores for 1290028 SNPs.
After merging with reference panel LD, 1130007 SNPs remain.
After merging with regression SNP LD, 1130007 SNPs remain.
Computing rg for phenotype 2/2
Reading summary statistics from /Volumes/Extreme SSD/sleep-gwas-atlas-frailty-v1/analysis-workspace/frailty_v1/munged/frailty.sumstats.gz ...
Read summary statistics for 1217311 SNPs.
After merging with summary statistics, 1130007 SNPs remain.
1121029 SNPs with valid alleles.

Heritability of phenotype 1
---------------------------
Total Observed scale h2: 0.0565 (0.0026)
Lambda GC: 1.3101
Mean Chi^2: 1.3671
Intercept: 1.013 (0.009)
Ratio: 0.0354 (0.0245)

Heritability of phenotype 2/2
-----------------------------
Total Observed scale h2: 0.1095 (0.0051)
Lambda GC: 1.3272
Mean Chi^2: 1.4053
Intercept: 1.0188 (0.0094)
Ratio: 0.0464 (0.0232)

Genetic Covariance
------------------
Total Observed scale gencov: 0.0504 (0.0026)
Mean z1*z2: 0.3946
Intercept: 0.1593 (0.0063)

Genetic Correlation
-------------------
Genetic Correlation: 0.6405 (0.0235)
Z-score: 27.215
P: 4.3215e-163


Summary of Genetic Correlation Results
                                                                                                        p1                                                                                                        p2     rg     se       z      p  h2_obs  h2_obs_se  h2_int  h2_int_se  gcov_int  gcov_int_se
/Volumes/Extreme SSD/sleep-gwas-atlas-frailty-v1/analysis-workspace/frailty_v1/munged/insomnia.sumstats.gz /Volumes/Extreme SSD/sleep-gwas-atlas-frailty-v1/analysis-workspace/frailty_v1/munged/frailty.sumstats.gz 0.6405 0.0235 27.2150 0.0000  0.1095     0.0051  1.0188     0.0094    0.1593       0.0063

Analysis finished at Wed Sep 23 03:47:54 2026
Total time elapsed: 13.39s
