PANEL_LOCK_OK atlas-v1.0 45 traits manifest_sha256=38d3d430507880e8623fc2b5dd3f4dcf963dcc346d99b14bb6c185a64e361a80
Verified BCAC 2020 overall-breast-cancer source archive
  processed 1,000,000 source rows; retained 859,236 explicit rsID rows
  processed 2,000,000 source rows; retained 1,721,809 explicit rsID rows
  processed 3,000,000 source rows; retained 2,584,989 explicit rsID rows
  processed 4,000,000 source rows; retained 3,446,460 explicit rsID rows
  processed 5,000,000 source rows; retained 4,308,895 explicit rsID rows
  processed 6,000,000 source rows; retained 5,179,823 explicit rsID rows
  processed 7,000,000 source rows; retained 6,043,339 explicit rsID rows
  processed 8,000,000 source rows; retained 6,467,322 explicit rsID rows
  processed 9,000,000 source rows; retained 7,328,967 explicit rsID rows
  processed 10,000,000 source rows; retained 8,185,191 explicit rsID rows
Materialized /Volumes/Extreme SSD/sleep-unified-research-v1/recovery-2026-10-09/cancer_source_materialization_v3/breast_cancer/breast_cancer.txt.gz
  source rows: 10,760,806
  retained explicit rsID rows: 8,623,039
  skipped coordinate-only rows: 667,174
  skipped non-autosomal rows: 237,880
  skipped injected source-header fragments: 1
  skipped incomplete source rows without a full meta record: 1
  skipped malformed var_name rows: 1,232,711
  output SHA-256: 7a78919f0a9555ab7034067f4f5f7721545b53171d14be2f666dc0649f9eb5d1
