PANEL_LOCK_OK atlas-v1.0 45 traits manifest_sha256=38d3d430507880e8623fc2b5dd3f4dcf963dcc346d99b14bb6c185a64e361a80
Verified Phelan 2017 OCAC ovarian-cancer source archive
  processed 1,000,000 rows; retained 774,912 rsID SNPs
  processed 2,000,000 rows; retained 1,567,356 rsID SNPs
  processed 3,000,000 rows; retained 2,349,114 rsID SNPs
  processed 4,000,000 rows; retained 3,143,758 rsID SNPs
  processed 5,000,000 rows; retained 3,936,673 rsID SNPs
  processed 6,000,000 rows; retained 4,727,973 rsID SNPs
  processed 7,000,000 rows; retained 5,518,957 rsID SNPs
  processed 8,000,000 rows; retained 6,312,436 rsID SNPs
  processed 9,000,000 rows; retained 7,107,137 rsID SNPs
  processed 10,000,000 rows; retained 7,893,755 rsID SNPs
  processed 11,000,000 rows; retained 8,688,689 rsID SNPs
  processed 12,000,000 rows; retained 9,478,830 rsID SNPs
  processed 13,000,000 rows; retained 10,269,409 rsID SNPs
  processed 14,000,000 rows; retained 10,871,116 rsID SNPs
  processed 15,000,000 rows; retained 11,101,628 rsID SNPs
  processed 16,000,000 rows; retained 11,894,115 rsID SNPs
  processed 17,000,000 rows; retained 12,670,110 rsID SNPs
  processed 18,000,000 rows; retained 13,443,983 rsID SNPs
  processed 19,000,000 rows; retained 14,222,527 rsID SNPs
Materialized /Volumes/Extreme SSD/sleep-unified-research-v1/recovery-2026-10-09/cancer_source_materialization_v3/ovarian_cancer/ovarian_cancer.txt.gz
  source rows: 19,911,988
  retained source-explicit rsID SNPs: 14,936,299
  skipped non-rsID rows: 3,102,828
  skipped non-SNP rows: 1,829,530
  skipped incomplete rows: 43,331
  skipped conflicting rsID-tag rows: 0
  source rsID tags on complementary strand: 458
  output SHA-256: fbc2bb730103bb61fc643acbf017a509ea51e26bb64a7025da518878247a3637
